131. Printing statistics.

=== kmeans_dist_core ===

   Number of wires:              17012
   Number of wire bits:          17440
   Number of public wires:           8
   Number of public wire bits:     436
   Number of ports:                  8
   Number of port bits:            436
   Number of memories:               0
   Number of memory bits:            0
   Number of processes:              0
   Number of cells:              17029
     sky130_fd_sc_hd__a2111o_2       9
     sky130_fd_sc_hd__a2111oi_2      1
     sky130_fd_sc_hd__a211o_2       83
     sky130_fd_sc_hd__a211oi_2      24
     sky130_fd_sc_hd__a21bo_2      139
     sky130_fd_sc_hd__a21boi_2      62
     sky130_fd_sc_hd__a21o_2       466
     sky130_fd_sc_hd__a21oi_2      766
     sky130_fd_sc_hd__a221o_2       31
     sky130_fd_sc_hd__a221oi_2       2
     sky130_fd_sc_hd__a22o_2       132
     sky130_fd_sc_hd__a22oi_2       29
     sky130_fd_sc_hd__a2bb2o_2      79
     sky130_fd_sc_hd__a2bb2oi_2      9
     sky130_fd_sc_hd__a311o_2       15
     sky130_fd_sc_hd__a311oi_2       6
     sky130_fd_sc_hd__a31o_2       101
     sky130_fd_sc_hd__a31oi_2       29
     sky130_fd_sc_hd__a32o_2        30
     sky130_fd_sc_hd__a32oi_2        9
     sky130_fd_sc_hd__a41o_2        10
     sky130_fd_sc_hd__and2_2      1078
     sky130_fd_sc_hd__and2b_2      645
     sky130_fd_sc_hd__and3_2       334
     sky130_fd_sc_hd__and3b_2       30
     sky130_fd_sc_hd__and4_2        42
     sky130_fd_sc_hd__and4b_2        4
     sky130_fd_sc_hd__and4bb_2       7
     sky130_fd_sc_hd__conb_1         2
     sky130_fd_sc_hd__dfxtp_2       23
     sky130_fd_sc_hd__inv_2        680
     sky130_fd_sc_hd__mux2_1       413
     sky130_fd_sc_hd__nand2_2     2095
     sky130_fd_sc_hd__nand2b_2     575
     sky130_fd_sc_hd__nand3_2      128
     sky130_fd_sc_hd__nand3b_2       9
     sky130_fd_sc_hd__nand4_2       14
     sky130_fd_sc_hd__nor2_2      2139
     sky130_fd_sc_hd__nor3_2       138
     sky130_fd_sc_hd__nor3b_2        7
     sky130_fd_sc_hd__nor4_2         3
     sky130_fd_sc_hd__nor4b_2        1
     sky130_fd_sc_hd__o2111ai_2      2
     sky130_fd_sc_hd__o211a_2       79
     sky130_fd_sc_hd__o211ai_2      28
     sky130_fd_sc_hd__o21a_2       634
     sky130_fd_sc_hd__o21ai_2      377
     sky130_fd_sc_hd__o21ba_2      182
     sky130_fd_sc_hd__o21bai_2      91
     sky130_fd_sc_hd__o221a_2       19
     sky130_fd_sc_hd__o221ai_2       4
     sky130_fd_sc_hd__o22a_2       159
     sky130_fd_sc_hd__o22ai_2       32
     sky130_fd_sc_hd__o2bb2a_2      74
     sky130_fd_sc_hd__o2bb2ai_2     11
     sky130_fd_sc_hd__o311a_2       10
     sky130_fd_sc_hd__o311ai_2       2
     sky130_fd_sc_hd__o31a_2        65
     sky130_fd_sc_hd__o31ai_2       28
     sky130_fd_sc_hd__o32a_2        45
     sky130_fd_sc_hd__o32ai_2        3
     sky130_fd_sc_hd__o41a_2         5
     sky130_fd_sc_hd__o41ai_2        1
     sky130_fd_sc_hd__or2_2       1597
     sky130_fd_sc_hd__or3_2        228
     sky130_fd_sc_hd__or3b_2        81
     sky130_fd_sc_hd__or4_2         55
     sky130_fd_sc_hd__or4b_2        12
     sky130_fd_sc_hd__or4bb_2        2
     sky130_fd_sc_hd__xnor2_2     1882
     sky130_fd_sc_hd__xor2_2       922

   Chip area for module '\kmeans_dist_core': 155300.195200
     of which used for sequential elements: 489.219200 (0.32%)

