
===========================================================================
report_checks -unconstrained
===========================================================================
======================= nom_tt_025C_1v80 Corner ===================================

Startpoint: pixel_flat[19] (input port clocked by clk)
Endpoint: _34017_ (rising edge-triggered flip-flop clocked by clk)
Path Group: clk
Path Type: max

Fanout         Cap        Slew       Delay        Time   Description
---------------------------------------------------------------------------------------------
                                  0.000000    0.000000   clock clk (rise edge)
                                  0.000000    0.000000   clock network delay (propagated)
                                  2.000000    2.000000 v input external delay
     1    0.010502    0.025637    0.017092    2.017092 v pixel_flat[19] (in)
                                                         pixel_flat[19] (net)
                      0.025642    0.000000    2.017092 v input395/A (sky130_fd_sc_hd__buf_12)
     2    0.051873    0.042140    0.131560    2.148652 v input395/X (sky130_fd_sc_hd__buf_12)
                                                         net395 (net)
                      0.043867    0.006291    2.154943 v fanout752/A (sky130_fd_sc_hd__buf_12)
     4    0.064694    0.047707    0.146419    2.301362 v fanout752/X (sky130_fd_sc_hd__buf_12)
                                                         net752 (net)
                      0.047789    0.001270    2.302632 v max_cap753/A (sky130_fd_sc_hd__buf_12)
     9    0.157907    0.076389    0.154664    2.457296 v max_cap753/X (sky130_fd_sc_hd__buf_12)
                                                         net753 (net)
                      0.146732    0.060059    2.517355 v _17007_/A (sky130_fd_sc_hd__inv_6)
     1    0.028130    0.074377    0.116409    2.633764 ^ _17007_/Y (sky130_fd_sc_hd__inv_6)
                                                         _11053_ (net)
                      0.074749    0.004014    2.637778 ^ fanout717/A (sky130_fd_sc_hd__buf_12)
    10    0.152849    0.179704    0.202059    2.839836 ^ fanout717/X (sky130_fd_sc_hd__buf_12)
                                                         net717 (net)
                      0.179730    0.001915    2.841752 ^ fanout714/A (sky130_fd_sc_hd__buf_12)
     5    0.028982    0.048938    0.141244    2.982996 ^ fanout714/X (sky130_fd_sc_hd__buf_12)
                                                         net714 (net)
                      0.048943    0.000368    2.983364 ^ _18065_/A (sky130_fd_sc_hd__and2_1)
     3    0.010840    0.117288    0.166437    3.149801 ^ _18065_/X (sky130_fd_sc_hd__and2_1)
                                                         _05710_ (net)
                      0.117288    0.000254    3.150055 ^ _18092_/A1 (sky130_fd_sc_hd__o221ai_2)
     2    0.006825    0.084933    0.128642    3.278697 v _18092_/Y (sky130_fd_sc_hd__o221ai_2)
                                                         _06007_ (net)
                      0.084933    0.000132    3.278828 v _18093_/A1 (sky130_fd_sc_hd__a21o_1)
     3    0.017296    0.092161    0.225183    3.504011 v _18093_/X (sky130_fd_sc_hd__a21o_1)
                                                         _06018_ (net)
                      0.092162    0.000458    3.504469 v _18095_/A1 (sky130_fd_sc_hd__a31o_4)
     4    0.014489    0.049102    0.250717    3.755186 v _18095_/X (sky130_fd_sc_hd__a31o_4)
                                                         _06040_ (net)
                      0.049106    0.000485    3.755670 v _18097_/A1 (sky130_fd_sc_hd__a211o_4)
     7    0.025304    0.079849    0.361179    4.116849 v _18097_/X (sky130_fd_sc_hd__a211o_4)
                                                         _06062_ (net)
                      0.079850    0.000461    4.117309 v _18099_/A1 (sky130_fd_sc_hd__a21o_4)
     5    0.023262    0.056149    0.239639    4.356948 v _18099_/X (sky130_fd_sc_hd__a21o_4)
                                                         _06084_ (net)
                      0.056158    0.000705    4.357653 v _18105_/S (sky130_fd_sc_hd__mux2_4)
     1    0.017618    0.071327    0.332610    4.690263 v _18105_/X (sky130_fd_sc_hd__mux2_4)
                                                         _06150_ (net)
                      0.071327    0.000666    4.690928 v _18106_/A (sky130_fd_sc_hd__xor2_4)
     5    0.023283    0.212063    0.245231    4.936160 ^ _18106_/X (sky130_fd_sc_hd__xor2_4)
                                                         _06161_ (net)
                      0.212065    0.000993    4.937153 ^ fanout600/A (sky130_fd_sc_hd__buf_6)
     5    0.014286    0.042905    0.141716    5.078869 ^ fanout600/X (sky130_fd_sc_hd__buf_6)
                                                         net600 (net)
                      0.042910    0.000469    5.079339 ^ _18463_/D_N (sky130_fd_sc_hd__or4b_4)
     3    0.008567    0.091979    0.463789    5.543128 v _18463_/X (sky130_fd_sc_hd__or4b_4)
                                                         _08375_ (net)
                      0.091979    0.000214    5.543341 v _18565_/A2 (sky130_fd_sc_hd__a21o_1)
     2    0.006227    0.047573    0.206430    5.749771 v _18565_/X (sky130_fd_sc_hd__a21o_1)
                                                         _08477_ (net)
                      0.047573    0.000146    5.749917 v _18567_/A1 (sky130_fd_sc_hd__a21o_1)
     3    0.008656    0.058135    0.178295    5.928211 v _18567_/X (sky130_fd_sc_hd__a21o_1)
                                                         _08479_ (net)
                      0.058135    0.000138    5.928349 v _18651_/A1 (sky130_fd_sc_hd__a21o_1)
     2    0.006136    0.047159    0.171161    6.099510 v _18651_/X (sky130_fd_sc_hd__a21o_1)
                                                         _08563_ (net)
                      0.047159    0.000165    6.099676 v _18653_/A1 (sky130_fd_sc_hd__a21o_1)
     3    0.008699    0.058229    0.178321    6.277997 v _18653_/X (sky130_fd_sc_hd__a21o_1)
                                                         _08565_ (net)
                      0.058229    0.000131    6.278129 v _18656_/A1 (sky130_fd_sc_hd__a21o_1)
     3    0.009582    0.060834    0.186699    6.464828 v _18656_/X (sky130_fd_sc_hd__a21o_1)
                                                         _08568_ (net)
                      0.060834    0.000295    6.465122 v _18735_/A1 (sky130_fd_sc_hd__a21o_1)
     2    0.007882    0.055171    0.180141    6.645264 v _18735_/X (sky130_fd_sc_hd__a21o_1)
                                                         _08647_ (net)
                      0.055171    0.000242    6.645505 v _18737_/A1 (sky130_fd_sc_hd__a211o_1)
     3    0.012228    0.089405    0.304208    6.949713 v _18737_/X (sky130_fd_sc_hd__a211o_1)
                                                         _08649_ (net)
                      0.089409    0.000675    6.950388 v _18767_/B (sky130_fd_sc_hd__and3_1)
     2    0.007839    0.059099    0.203437    7.153825 v _18767_/X (sky130_fd_sc_hd__and3_1)
                                                         _08679_ (net)
                      0.059099    0.000241    7.154067 v _18829_/B1 (sky130_fd_sc_hd__a211o_1)
     3    0.010248    0.081220    0.309949    7.464015 v _18829_/X (sky130_fd_sc_hd__a211o_1)
                                                         _08741_ (net)
                      0.081220    0.000207    7.464222 v _18892_/A1 (sky130_fd_sc_hd__a21o_1)
     2    0.014862    0.082096    0.214994    7.679216 v _18892_/X (sky130_fd_sc_hd__a21o_1)
                                                         _08804_ (net)
                      0.082096    0.000270    7.679487 v _18895_/A1 (sky130_fd_sc_hd__a211o_4)
     5    0.016185    0.067729    0.358028    8.037515 v _18895_/X (sky130_fd_sc_hd__a211o_4)
                                                         _08807_ (net)
                      0.067729    0.000560    8.038075 v _18896_/B (sky130_fd_sc_hd__and3_1)
     2    0.007231    0.056231    0.190661    8.228736 v _18896_/X (sky130_fd_sc_hd__and3_1)
                                                         _08808_ (net)
                      0.056231    0.000267    8.229004 v _18948_/B (sky130_fd_sc_hd__or3_4)
     3    0.008366    0.072116    0.375276    8.604280 v _18948_/X (sky130_fd_sc_hd__or3_4)
                                                         _08860_ (net)
                      0.072116    0.000123    8.604403 v _19008_/A1 (sky130_fd_sc_hd__a41o_1)
     3    0.011922    0.077697    0.225463    8.829866 v _19008_/X (sky130_fd_sc_hd__a41o_1)
                                                         _08920_ (net)
                      0.077699    0.000502    8.830368 v _19014_/A2 (sky130_fd_sc_hd__o41a_1)
     3    0.015632    0.123476    0.482504    9.312872 v _19014_/X (sky130_fd_sc_hd__o41a_1)
                                                         _08926_ (net)
                      0.123477    0.000511    9.313382 v _19016_/A1 (sky130_fd_sc_hd__a211o_1)
     3    0.007895    0.072342    0.310012    9.623394 v _19016_/X (sky130_fd_sc_hd__a211o_1)
                                                         _08928_ (net)
                      0.072342    0.000244    9.623638 v _24779_/A2 (sky130_fd_sc_hd__a21oi_1)
     1    0.003852    0.123115    0.161106    9.784744 ^ _24779_/Y (sky130_fd_sc_hd__a21oi_1)
                                                         _15059_ (net)
                      0.123115    0.000115    9.784860 ^ _24780_/B (sky130_fd_sc_hd__or2_1)
     3    0.011283    0.113899    0.168217    9.953077 ^ _24780_/X (sky130_fd_sc_hd__or2_1)
                                                         _15060_ (net)
                      0.113900    0.000546    9.953623 ^ _24782_/B (sky130_fd_sc_hd__nor2_1)
     1    0.005592    0.061177    0.066339   10.019962 v _24782_/Y (sky130_fd_sc_hd__nor2_1)
                                                         _15062_ (net)
                      0.061177    0.000205   10.020167 v _24857_/A1 (sky130_fd_sc_hd__o311a_4)
     2    0.014115    0.066441    0.396718   10.416885 v _24857_/X (sky130_fd_sc_hd__o311a_4)
                                                         _15144_ (net)
                      0.066441    0.000426   10.417312 v _24859_/A1 (sky130_fd_sc_hd__o31a_4)
     8    0.037356    0.093700    0.412853   10.830165 v _24859_/X (sky130_fd_sc_hd__o31a_4)
                                                         _15147_ (net)
                      0.093703    0.000639   10.830803 v _24863_/A (sky130_fd_sc_hd__nor2_8)
     4    0.026726    0.128899    0.167326   10.998129 ^ _24863_/Y (sky130_fd_sc_hd__nor2_8)
                                                         _15151_ (net)
                      0.128903    0.000822   10.998951 ^ fanout469/A (sky130_fd_sc_hd__buf_8)
     5    0.026956    0.055570    0.131312   11.130263 ^ fanout469/X (sky130_fd_sc_hd__buf_8)
                                                         net469 (net)
                      0.055596    0.001102   11.131366 ^ _24940_/S (sky130_fd_sc_hd__mux2_4)
     4    0.015598    0.068092    0.323828   11.455194 v _24940_/X (sky130_fd_sc_hd__mux2_4)
                                                         _15236_ (net)
                      0.068100    0.000743   11.455937 v _24950_/B2 (sky130_fd_sc_hd__a2bb2o_1)
     2    0.008845    0.077991    0.285424   11.741361 v _24950_/X (sky130_fd_sc_hd__a2bb2o_1)
                                                         _15247_ (net)
                      0.077991    0.000234   11.741594 v _24961_/A (sky130_fd_sc_hd__nor4b_2)
     1    0.005167    0.228247    0.302080   12.043674 ^ _24961_/Y (sky130_fd_sc_hd__nor4b_2)
                                                         _15259_ (net)
                      0.228247    0.000210   12.043884 ^ wire468/A (sky130_fd_sc_hd__buf_4)
     2    0.018918    0.064797    0.183922   12.227807 ^ wire468/X (sky130_fd_sc_hd__buf_4)
                                                         net468 (net)
                      0.064798    0.000361   12.228168 ^ _24962_/D (sky130_fd_sc_hd__nand4_4)
     2    0.012456    0.100142    0.117432   12.345600 v _24962_/Y (sky130_fd_sc_hd__nand4_4)
                                                         _15260_ (net)
                      0.100142    0.000256   12.345857 v _24972_/A2 (sky130_fd_sc_hd__a31oi_4)
     5    0.020155    0.216485    0.247207   12.593063 ^ _24972_/Y (sky130_fd_sc_hd__a31oi_4)
                                                         _15271_ (net)
                      0.216486    0.000750   12.593813 ^ _25054_/A1 (sky130_fd_sc_hd__o21ai_1)
     3    0.007815    0.102102    0.136732   12.730544 v _25054_/Y (sky130_fd_sc_hd__o21ai_1)
                                                         _15361_ (net)
                      0.102102    0.000265   12.730809 v _25060_/B (sky130_fd_sc_hd__and3_1)
     2    0.006769    0.054040    0.204038   12.934847 v _25060_/X (sky130_fd_sc_hd__and3_1)
                                                         _15368_ (net)
                      0.054040    0.000156   12.935002 v _25061_/C (sky130_fd_sc_hd__or4_4)
     2    0.006355    0.087597    0.482881   13.417884 v _25061_/X (sky130_fd_sc_hd__or4_4)
                                                         _15369_ (net)
                      0.087597    0.000217   13.418100 v _25074_/C (sky130_fd_sc_hd__or4b_4)
     1    0.006575    0.088328    0.497316   13.915417 v _25074_/X (sky130_fd_sc_hd__or4b_4)
                                                         _15383_ (net)
                      0.088328    0.000278   13.915695 v _25076_/A1 (sky130_fd_sc_hd__o21ai_2)
     1    0.005926    0.113998    0.160001   14.075696 ^ _25076_/Y (sky130_fd_sc_hd__o21ai_2)
                                                         _15385_ (net)
                      0.113998    0.000231   14.075927 ^ _25079_/A3 (sky130_fd_sc_hd__a31oi_1)
     1    0.005510    0.091080    0.112584   14.188510 v _25079_/Y (sky130_fd_sc_hd__a31oi_1)
                                                         _15389_ (net)
                      0.091080    0.000206   14.188716 v _25082_/A4 (sky130_fd_sc_hd__o41ai_2)
     2    0.007176    0.305145    0.271403   14.460120 ^ _25082_/Y (sky130_fd_sc_hd__o41ai_2)
                                                         _15392_ (net)
                      0.305145    0.000199   14.460319 ^ max_cap464/A (sky130_fd_sc_hd__clkbuf_2)
     1    0.011435    0.073533    0.197402   14.657721 ^ max_cap464/X (sky130_fd_sc_hd__clkbuf_2)
                                                         net464 (net)
                      0.073535    0.000495   14.658216 ^ _25084_/A2 (sky130_fd_sc_hd__a21oi_4)
     3    0.014735    0.060677    0.071063   14.729279 v _25084_/Y (sky130_fd_sc_hd__a21oi_4)
                                                         _15394_ (net)
                      0.060678    0.000387   14.729666 v _25088_/B (sky130_fd_sc_hd__nor2_4)
     3    0.015157    0.119658    0.122662   14.852327 ^ _25088_/Y (sky130_fd_sc_hd__nor2_4)
                                                         _15399_ (net)
                      0.119658    0.000344   14.852672 ^ fanout463/A (sky130_fd_sc_hd__buf_6)
     7    0.037582    0.083043    0.154478   15.007150 ^ fanout463/X (sky130_fd_sc_hd__buf_6)
                                                         net463 (net)
                      0.083065    0.001307   15.008457 ^ _25117_/S (sky130_fd_sc_hd__mux2_4)
     3    0.021324    0.075365    0.340334   15.348791 v _25117_/X (sky130_fd_sc_hd__mux2_4)
                                                         _15430_ (net)
                      0.075434    0.002158   15.350949 v _25123_/A1_N (sky130_fd_sc_hd__o2bb2a_4)
     2    0.005301    0.038636    0.201053   15.552003 ^ _25123_/X (sky130_fd_sc_hd__o2bb2a_4)
                                                         _15437_ (net)
                      0.038636    0.000112   15.552114 ^ _25182_/D_N (sky130_fd_sc_hd__or4b_4)
     1    0.004259    0.082843    0.445544   15.997659 v _25182_/X (sky130_fd_sc_hd__or4b_4)
                                                         _15502_ (net)
                      0.082843    0.000162   15.997821 v _25183_/A (sky130_fd_sc_hd__or4b_4)
     1    0.005195    0.085726    0.544064   16.541885 v _25183_/X (sky130_fd_sc_hd__or4b_4)
                                                         _15503_ (net)
                      0.085726    0.000183   16.542068 v _25184_/A1 (sky130_fd_sc_hd__o211ai_2)
     1    0.006675    0.149423    0.192362   16.734430 ^ _25184_/Y (sky130_fd_sc_hd__o211ai_2)
                                                         _15504_ (net)
                      0.149423    0.000217   16.734646 ^ _25191_/A2 (sky130_fd_sc_hd__a31o_4)
     4    0.022887    0.087250    0.210420   16.945066 ^ _25191_/X (sky130_fd_sc_hd__a31o_4)
                                                         _15512_ (net)
                      0.087250    0.000327   16.945393 ^ fanout461/A (sky130_fd_sc_hd__buf_8)
     6    0.030317    0.059895    0.124912   17.070305 ^ fanout461/X (sky130_fd_sc_hd__buf_8)
                                                         net461 (net)
                      0.059926    0.001249   17.071554 ^ fanout460/A (sky130_fd_sc_hd__buf_8)
     5    0.026117    0.053580    0.111589   17.183142 ^ fanout460/X (sky130_fd_sc_hd__buf_8)
                                                         net460 (net)
                      0.053587    0.000600   17.183743 ^ _25243_/S (sky130_fd_sc_hd__mux2_4)
     3    0.012592    0.063153    0.315728   17.499472 v _25243_/X (sky130_fd_sc_hd__mux2_4)
                                                         _15569_ (net)
                      0.063196    0.000611   17.500082 v _25247_/A1 (sky130_fd_sc_hd__a211o_1)
     1    0.004096    0.053909    0.264164   17.764246 v _25247_/X (sky130_fd_sc_hd__a211o_1)
                                                         _15573_ (net)
                      0.053909    0.000146   17.764391 v _25261_/A2 (sky130_fd_sc_hd__a311o_1)
     1    0.004457    0.061423    0.317735   18.082127 v _25261_/X (sky130_fd_sc_hd__a311o_1)
                                                         _15589_ (net)
                      0.061423    0.000171   18.082296 v _25264_/B2 (sky130_fd_sc_hd__a221o_1)
     1    0.004714    0.061517    0.331589   18.413885 v _25264_/X (sky130_fd_sc_hd__a221o_1)
                                                         _15592_ (net)
                      0.061517    0.000192   18.414078 v _25266_/A1 (sky130_fd_sc_hd__a31o_1)
     1    0.004299    0.043385    0.183411   18.597488 v _25266_/X (sky130_fd_sc_hd__a31o_1)
                                                         _15594_ (net)
                      0.043385    0.000167   18.597656 v _25293_/A1 (sky130_fd_sc_hd__a31o_1)
     1    0.010159    0.068192    0.203384   18.801039 v _25293_/X (sky130_fd_sc_hd__a31o_1)
                                                         _15624_ (net)
                      0.068192    0.000357   18.801397 v _25295_/A1 (sky130_fd_sc_hd__a21oi_4)
     5    0.020325    0.185426    0.195126   18.996523 ^ _25295_/Y (sky130_fd_sc_hd__a21oi_4)
                                                         _15626_ (net)
                      0.185426    0.000666   18.997189 ^ _25296_/A (sky130_fd_sc_hd__nor2_4)
     2    0.010703    0.049520    0.068225   19.065413 v _25296_/Y (sky130_fd_sc_hd__nor2_4)
                                                         _15627_ (net)
                      0.049521    0.000359   19.065771 v fanout459/A (sky130_fd_sc_hd__buf_6)
     5    0.024052    0.036105    0.130971   19.196743 v fanout459/X (sky130_fd_sc_hd__buf_6)
                                                         net459 (net)
                      0.036119    0.000636   19.197378 v _25374_/S (sky130_fd_sc_hd__mux2_4)
     3    0.015572    0.068097    0.320533   19.517912 v _25374_/X (sky130_fd_sc_hd__mux2_4)
                                                         _15713_ (net)
                      0.068103    0.000689   19.518600 v _25376_/B1 (sky130_fd_sc_hd__a2bb2o_4)
     2    0.008728    0.039856    0.228878   19.747478 v _25376_/X (sky130_fd_sc_hd__a2bb2o_4)
                                                         _15715_ (net)
                      0.039856    0.000217   19.747696 v _25379_/C1 (sky130_fd_sc_hd__a211o_1)
     2    0.006549    0.065210    0.242855   19.990551 v _25379_/X (sky130_fd_sc_hd__a211o_1)
                                                         _15719_ (net)
                      0.065210    0.000165   19.990715 v _25390_/C (sky130_fd_sc_hd__or4b_4)
     1    0.003920    0.081893    0.478400   20.469114 v _25390_/X (sky130_fd_sc_hd__or4b_4)
                                                         _15731_ (net)
                      0.081894    0.000137   20.469252 v _25391_/B1 (sky130_fd_sc_hd__a211o_1)
     1    0.003053    0.048581    0.275136   20.744389 v _25391_/X (sky130_fd_sc_hd__a211o_1)
                                                         _15732_ (net)
                      0.048581    0.000098   20.744486 v _25396_/A2 (sky130_fd_sc_hd__a32o_1)
     1    0.004999    0.050734    0.252321   20.996807 v _25396_/X (sky130_fd_sc_hd__a32o_1)
                                                         _15737_ (net)
                      0.050734    0.000174   20.996981 v _25398_/B2 (sky130_fd_sc_hd__a22oi_2)
     1    0.005895    0.151843    0.160000   21.156981 ^ _25398_/Y (sky130_fd_sc_hd__a22oi_2)
                                                         _15740_ (net)
                      0.151843    0.000160   21.157141 ^ fanout457/A (sky130_fd_sc_hd__buf_6)
     6    0.036228    0.080843    0.159273   21.316414 ^ fanout457/X (sky130_fd_sc_hd__buf_6)
                                                         net457 (net)
                      0.080908    0.000776   21.317190 ^ fanout456/A (sky130_fd_sc_hd__buf_8)
     7    0.031648    0.061779    0.125093   21.442284 ^ fanout456/X (sky130_fd_sc_hd__buf_8)
                                                         net456 (net)
                      0.061781    0.000492   21.442776 ^ fanout455/A (sky130_fd_sc_hd__buf_8)
     5    0.023957    0.050424    0.109722   21.552498 ^ fanout455/X (sky130_fd_sc_hd__buf_8)
                                                         net455 (net)
                      0.050438    0.000801   21.553299 ^ _25404_/S (sky130_fd_sc_hd__mux2_4)
     2    0.013318    0.064403    0.316296   21.869595 v _25404_/X (sky130_fd_sc_hd__mux2_4)
                                                         _15746_ (net)
                      0.064466    0.001094   21.870689 v _25405_/B1 (sky130_fd_sc_hd__a211o_1)
     1    0.002496    0.045264    0.264150   22.134838 v _25405_/X (sky130_fd_sc_hd__a211o_1)
                                                         _15747_ (net)
                      0.045264    0.000052   22.134890 v _25416_/A2 (sky130_fd_sc_hd__a221o_1)
     1    0.003173    0.054061    0.340119   22.475010 v _25416_/X (sky130_fd_sc_hd__a221o_1)
                                                         _15759_ (net)
                      0.054061    0.000101   22.475111 v _25431_/B1 (sky130_fd_sc_hd__a221o_1)
     1    0.004515    0.060527    0.301709   22.776819 v _25431_/X (sky130_fd_sc_hd__a221o_1)
                                                         _15776_ (net)
                      0.060527    0.000174   22.776993 v _25440_/B1 (sky130_fd_sc_hd__a221o_1)
     1    0.003403    0.055489    0.296708   23.073702 v _25440_/X (sky130_fd_sc_hd__a221o_1)
                                                         _15786_ (net)
                      0.055489    0.000115   23.073818 v _25462_/A2 (sky130_fd_sc_hd__a32o_1)
     1    0.003148    0.043082    0.244830   23.318647 v _25462_/X (sky130_fd_sc_hd__a32o_1)
                                                         _15810_ (net)
                      0.043082    0.000101   23.318748 v _25485_/A2 (sky130_fd_sc_hd__a21o_1)
     2    0.011933    0.070198    0.210971   23.529718 v _25485_/X (sky130_fd_sc_hd__a21o_1)
                                                         _15835_ (net)
                      0.070198    0.000320   23.530039 v _25487_/A1 (sky130_fd_sc_hd__a21oi_4)
     4    0.016912    0.164888    0.179378   23.709417 ^ _25487_/Y (sky130_fd_sc_hd__a21oi_4)
                                                         _15837_ (net)
                      0.164889    0.000552   23.709970 ^ _25489_/A (sky130_fd_sc_hd__nor2_4)
     3    0.014787    0.050622    0.071662   23.781631 v _25489_/Y (sky130_fd_sc_hd__nor2_4)
                                                         _15840_ (net)
                      0.050622    0.000298   23.781931 v fanout453/A (sky130_fd_sc_hd__buf_8)
     5    0.026620    0.034766    0.130628   23.912558 v fanout453/X (sky130_fd_sc_hd__buf_8)
                                                         net453 (net)
                      0.034798    0.000938   23.913496 v _25583_/S (sky130_fd_sc_hd__mux2_4)
     3    0.009645    0.058867    0.304672   24.218168 v _25583_/X (sky130_fd_sc_hd__mux2_4)
                                                         _15943_ (net)
                      0.058867    0.000293   24.218460 v _25700_/A1 (sky130_fd_sc_hd__o22a_1)
     1    0.002371    0.038706    0.205652   24.424112 v _25700_/X (sky130_fd_sc_hd__o22a_1)
                                                         _16072_ (net)
                      0.038706    0.000046   24.424160 v _25702_/B2 (sky130_fd_sc_hd__a221o_1)
     1    0.004245    0.059314    0.320229   24.744389 v _25702_/X (sky130_fd_sc_hd__a221o_1)
                                                         _16074_ (net)
                      0.059314    0.000163   24.744553 v _26044_/A3 (sky130_fd_sc_hd__a32o_1)
     1    0.004892    0.050355    0.267699   25.012251 v _26044_/X (sky130_fd_sc_hd__a32o_1)
                                                         _16450_ (net)
                      0.050355    0.000197   25.012447 v _26543_/A2 (sky130_fd_sc_hd__a221o_1)
     1    0.003078    0.053404    0.341254   25.353703 v _26543_/X (sky130_fd_sc_hd__a221o_1)
                                                         _16999_ (net)
                      0.053404    0.000073   25.353775 v _26560_/A2 (sky130_fd_sc_hd__a221o_1)
     3    0.015591    0.112388    0.413305   25.767080 v _26560_/X (sky130_fd_sc_hd__a221o_1)
                                                         _00037_ (net)
                      0.112389    0.000526   25.767605 v fanout451/A (sky130_fd_sc_hd__buf_6)
     5    0.025111    0.037084    0.160224   25.927830 v fanout451/X (sky130_fd_sc_hd__buf_6)
                                                         net451 (net)
                      0.037203    0.001670   25.929499 v _26561_/S (sky130_fd_sc_hd__mux2_4)
     3    0.009697    0.058964    0.305757   26.235256 v _26561_/X (sky130_fd_sc_hd__mux2_4)
                                                         _00038_ (net)
                      0.058964    0.000298   26.235556 v _26565_/A1 (sky130_fd_sc_hd__a211o_1)
     1    0.004672    0.056321    0.265866   26.501421 v _26565_/X (sky130_fd_sc_hd__a211o_1)
                                                         _00042_ (net)
                      0.056321    0.000192   26.501612 v _26741_/A2 (sky130_fd_sc_hd__a21o_1)
     1    0.004462    0.040114    0.184100   26.685713 v _26741_/X (sky130_fd_sc_hd__a21o_1)
                                                         _00236_ (net)
                      0.040114    0.000176   26.685888 v _26884_/A1 (sky130_fd_sc_hd__a21o_1)
     1    0.003925    0.037979    0.153742   26.839630 v _26884_/X (sky130_fd_sc_hd__a21o_1)
                                                         _00393_ (net)
                      0.037979    0.000142   26.839771 v _27094_/B1 (sky130_fd_sc_hd__a221o_1)
     1    0.004247    0.059252    0.295138   27.134911 v _27094_/X (sky130_fd_sc_hd__a221o_1)
                                                         _00624_ (net)
                      0.059252    0.000160   27.135071 v _27430_/A2 (sky130_fd_sc_hd__a21o_1)
     1    0.002926    0.033601    0.177176   27.312246 v _27430_/X (sky130_fd_sc_hd__a21o_1)
                                                         _00994_ (net)
                      0.033601    0.000064   27.312309 v _27585_/A1 (sky130_fd_sc_hd__a31o_1)
     1    0.003086    0.038121    0.165477   27.477787 v _27585_/X (sky130_fd_sc_hd__a31o_1)
                                                         _01164_ (net)
                      0.038121    0.000098   27.477884 v _27602_/A2 (sky130_fd_sc_hd__a221o_1)
     4    0.017432    0.121205    0.416076   27.893959 v _27602_/X (sky130_fd_sc_hd__a221o_1)
                                                         _01183_ (net)
                      0.121205    0.000400   27.894360 v fanout450/A (sky130_fd_sc_hd__buf_6)
     5    0.024513    0.036527    0.164269   28.058628 v fanout450/X (sky130_fd_sc_hd__buf_6)
                                                         net450 (net)
                      0.036555    0.000583   28.059212 v _28608_/S (sky130_fd_sc_hd__mux2_4)
     3    0.011865    0.061982    0.311198   28.370409 v _28608_/X (sky130_fd_sc_hd__mux2_4)
                                                         _02290_ (net)
                      0.061982    0.000167   28.370577 v _28620_/A2 (sky130_fd_sc_hd__o22a_1)
     1    0.002901    0.042268    0.196076   28.566652 v _28620_/X (sky130_fd_sc_hd__o22a_1)
                                                         _02303_ (net)
                      0.042268    0.000071   28.566723 v _28621_/C (sky130_fd_sc_hd__and3_1)
     1    0.002992    0.037627    0.173321   28.740044 v _28621_/X (sky130_fd_sc_hd__and3_1)
                                                         _02304_ (net)
                      0.037627    0.000099   28.740143 v _28622_/C_N (sky130_fd_sc_hd__or3b_4)
     3    0.012171    0.056055    0.239972   28.980116 ^ _28622_/X (sky130_fd_sc_hd__or3b_4)
                                                         _02305_ (net)
                      0.056057    0.000385   28.980501 ^ _28641_/A1_N (sky130_fd_sc_hd__a2bb2o_4)
     1    0.003400    0.032467    0.206265   29.186766 v _28641_/X (sky130_fd_sc_hd__a2bb2o_4)
                                                         _02326_ (net)
                      0.032467    0.000087   29.186853 v _28642_/B1 (sky130_fd_sc_hd__a311o_1)
     1    0.006155    0.069626    0.329061   29.515915 v _28642_/X (sky130_fd_sc_hd__a311o_1)
                                                         _02327_ (net)
                      0.069626    0.000254   29.516169 v _28657_/B1 (sky130_fd_sc_hd__a22o_4)
     3    0.015638    0.054854    0.243052   29.759220 v _28657_/X (sky130_fd_sc_hd__a22o_4)
                                                         _02343_ (net)
                      0.054862    0.000682   29.759903 v fanout447/A (sky130_fd_sc_hd__buf_8)
     5    0.025422    0.033995    0.131623   29.891525 v fanout447/X (sky130_fd_sc_hd__buf_8)
                                                         net447 (net)
                      0.034048    0.001151   29.892675 v _28659_/S (sky130_fd_sc_hd__mux2_4)
     2    0.019259    0.073085    0.326445   30.219120 v _28659_/X (sky130_fd_sc_hd__mux2_4)
                                                         _02346_ (net)
                      0.073085    0.002057   30.221178 v _28660_/B1 (sky130_fd_sc_hd__a211o_1)
     1    0.002791    0.047031    0.269754   30.490932 v _28660_/X (sky130_fd_sc_hd__a211o_1)
                                                         _02347_ (net)
                      0.047031    0.000060   30.490992 v _28842_/A2 (sky130_fd_sc_hd__a21o_1)
     1    0.005308    0.043621    0.184240   30.675232 v _28842_/X (sky130_fd_sc_hd__a21o_1)
                                                         _02547_ (net)
                      0.043622    0.000234   30.675467 v _28987_/A2 (sky130_fd_sc_hd__a21o_1)
     1    0.004432    0.039968    0.178765   30.854233 v _28987_/X (sky130_fd_sc_hd__a21o_1)
                                                         _02706_ (net)
                      0.039968    0.000139   30.854370 v _29193_/A2 (sky130_fd_sc_hd__a21o_1)
     1    0.005351    0.043809    0.181497   31.035868 v _29193_/X (sky130_fd_sc_hd__a21o_1)
                                                         _02933_ (net)
                      0.043810    0.000242   31.036110 v _29538_/B1 (sky130_fd_sc_hd__a32o_1)
     1    0.005394    0.052499    0.210921   31.247030 v _29538_/X (sky130_fd_sc_hd__a32o_1)
                                                         _03313_ (net)
                      0.052499    0.000238   31.247269 v _29685_/A2 (sky130_fd_sc_hd__a311o_1)
     1    0.004503    0.061337    0.317474   31.564743 v _29685_/X (sky130_fd_sc_hd__a311o_1)
                                                         _03474_ (net)
                      0.061337    0.000181   31.564924 v _29701_/B1 (sky130_fd_sc_hd__a221o_1)
     1    0.007600    0.077346    0.324079   31.889002 v _29701_/X (sky130_fd_sc_hd__a221o_1)
                                                         _03492_ (net)
                      0.077346    0.000203   31.889206 v fanout446/A (sky130_fd_sc_hd__buf_8)
     6    0.046728    0.049652    0.155282   32.044487 v fanout446/X (sky130_fd_sc_hd__buf_8)
                                                         net446 (net)
                      0.049690    0.001180   32.045666 v fanout444/A (sky130_fd_sc_hd__buf_8)
     5    0.023505    0.032769    0.128018   32.173683 v fanout444/X (sky130_fd_sc_hd__buf_8)
                                                         net444 (net)
                      0.032809    0.000981   32.174667 v _30663_/S (sky130_fd_sc_hd__mux2_4)
     3    0.008890    0.057812    0.301942   32.476608 v _30663_/X (sky130_fd_sc_hd__mux2_4)
                                                         _04550_ (net)
                      0.057812    0.000210   32.476818 v _30666_/A1 (sky130_fd_sc_hd__a211o_1)
     1    0.002766    0.046844    0.252651   32.729469 v _30666_/X (sky130_fd_sc_hd__a211o_1)
                                                         _04553_ (net)
                      0.046844    0.000060   32.729530 v _30677_/A2 (sky130_fd_sc_hd__a21o_1)
     1    0.004599    0.040663    0.180862   32.910389 v _30677_/X (sky130_fd_sc_hd__a21o_1)
                                                         _04565_ (net)
                      0.040664    0.000188   32.910580 v _30688_/A1 (sky130_fd_sc_hd__a21o_1)
     1    0.003876    0.037767    0.153747   33.064327 v _30688_/X (sky130_fd_sc_hd__a21o_1)
                                                         _04578_ (net)
                      0.037767    0.000131   33.064457 v _30699_/B1 (sky130_fd_sc_hd__a221o_1)
     1    0.003643    0.056529    0.291148   33.355606 v _30699_/X (sky130_fd_sc_hd__a221o_1)
                                                         _04590_ (net)
                      0.056529    0.000128   33.355732 v _30722_/B1 (sky130_fd_sc_hd__a221o_1)
     1    0.006962    0.073619    0.318305   33.674038 v _30722_/X (sky130_fd_sc_hd__a221o_1)
                                                         _04615_ (net)
                      0.073619    0.000266   33.674305 v _30725_/A2_N (sky130_fd_sc_hd__o2bb2a_4)
     1    0.012474    0.056971    0.216719   33.891026 ^ _30725_/X (sky130_fd_sc_hd__o2bb2a_4)
                                                         _04618_ (net)
                      0.056979    0.000707   33.891731 ^ _30741_/A2 (sky130_fd_sc_hd__o31ai_4)
     2    0.006641    0.058888    0.068795   33.960526 v _30741_/Y (sky130_fd_sc_hd__o31ai_4)
                                                         _04636_ (net)
                      0.058888    0.000135   33.960663 v fanout443/A (sky130_fd_sc_hd__buf_6)
     5    0.028975    0.039872    0.138339   34.098999 v fanout443/X (sky130_fd_sc_hd__buf_6)
                                                         net443 (net)
                      0.039983    0.001798   34.100800 v _30758_/S (sky130_fd_sc_hd__mux2_4)
     3    0.013564    0.064935    0.316717   34.417515 v _30758_/X (sky130_fd_sc_hd__mux2_4)
                                                         _04655_ (net)
                      0.064952    0.001016   34.418530 v _30761_/A1 (sky130_fd_sc_hd__a211o_1)
     1    0.002474    0.045232    0.253163   34.671696 v _30761_/X (sky130_fd_sc_hd__a211o_1)
                                                         _04658_ (net)
                      0.045232    0.000050   34.671745 v _30939_/A3 (sky130_fd_sc_hd__a311o_1)
     1    0.003735    0.057990    0.347832   35.019577 v _30939_/X (sky130_fd_sc_hd__a311o_1)
                                                         _04854_ (net)
                      0.057990    0.000103   35.019680 v _31290_/A3 (sky130_fd_sc_hd__a311o_1)
     1    0.005579    0.067114    0.365020   35.384697 v _31290_/X (sky130_fd_sc_hd__a311o_1)
                                                         _05240_ (net)
                      0.067114    0.000259   35.384956 v _31630_/A2 (sky130_fd_sc_hd__a311o_1)
     1    0.005166    0.064950    0.327692   35.712650 v _31630_/X (sky130_fd_sc_hd__a311o_1)
                                                         _05614_ (net)
                      0.064995    0.000217   35.712868 v _31779_/B1 (sky130_fd_sc_hd__a32o_1)
     1    0.003122    0.043062    0.206150   35.919018 v _31779_/X (sky130_fd_sc_hd__a32o_1)
                                                         _05778_ (net)
                      0.043062    0.000103   35.919121 v _31793_/B1 (sky130_fd_sc_hd__a221o_1)
     3    0.010982    0.091407    0.336744   36.255863 v _31793_/X (sky130_fd_sc_hd__a221o_1)
                                                         _05793_ (net)
                      0.091407    0.000298   36.256161 v fanout440/A (sky130_fd_sc_hd__buf_6)
     5    0.027164    0.038441    0.152166   36.408329 v fanout440/X (sky130_fd_sc_hd__buf_6)
                                                         net440 (net)
                      0.038485    0.001151   36.409477 v _32820_/S (sky130_fd_sc_hd__mux2_4)
     3    0.007279    0.055735    0.299934   36.709412 v _32820_/X (sky130_fd_sc_hd__mux2_4)
                                                         _06923_ (net)
                      0.055735    0.000181   36.709595 v _32829_/A1 (sky130_fd_sc_hd__a22o_1)
     2    0.004505    0.047944    0.215461   36.925056 v _32829_/X (sky130_fd_sc_hd__a22o_1)
                                                         _06933_ (net)
                      0.047944    0.000071   36.925129 v _32836_/A (sky130_fd_sc_hd__or3_4)
     1    0.003548    0.062859    0.374385   37.299511 v _32836_/X (sky130_fd_sc_hd__or3_4)
                                                         _06940_ (net)
                      0.062859    0.000124   37.299637 v _32837_/B1 (sky130_fd_sc_hd__a211o_1)
     3    0.010427    0.081913    0.312056   37.611694 v _32837_/X (sky130_fd_sc_hd__a211o_1)
                                                         _06941_ (net)
                      0.081913    0.000366   37.612057 v _32853_/C (sky130_fd_sc_hd__nor4_2)
     1    0.004284    0.213414    0.232550   37.844608 ^ _32853_/Y (sky130_fd_sc_hd__nor4_2)
                                                         _06959_ (net)
                      0.213414    0.000160   37.844769 ^ _32856_/B2 (sky130_fd_sc_hd__a221o_1)
     1    0.006646    0.080451    0.200107   38.044876 ^ _32856_/X (sky130_fd_sc_hd__a221o_1)
                                                         _06962_ (net)
                      0.080451    0.000263   38.045139 ^ _32872_/B1 (sky130_fd_sc_hd__a2bb2o_4)
     3    0.016327    0.063690    0.150926   38.196064 ^ _32872_/X (sky130_fd_sc_hd__a2bb2o_4)
                                                         _06980_ (net)
                      0.063691    0.000426   38.196491 ^ fanout439/A (sky130_fd_sc_hd__buf_6)
     5    0.025180    0.059921    0.119027   38.315517 ^ fanout439/X (sky130_fd_sc_hd__buf_6)
                                                         net439 (net)
                      0.059936    0.000931   38.316448 ^ _32873_/S (sky130_fd_sc_hd__mux2_4)
     2    0.010270    0.059739    0.311484   38.627934 v _32873_/X (sky130_fd_sc_hd__mux2_4)
                                                         _06981_ (net)
                      0.059739    0.000487   38.628418 v _33883_/B2 (sky130_fd_sc_hd__a2bb2o_4)
     1    0.003543    0.032654    0.199453   38.827873 v _33883_/X (sky130_fd_sc_hd__a2bb2o_4)
                                                         _08092_ (net)
                      0.032654    0.000121   38.827991 v _33890_/A1 (sky130_fd_sc_hd__a221o_1)
     1    0.003006    0.052929    0.303515   39.131508 v _33890_/X (sky130_fd_sc_hd__a221o_1)
                                                         _08100_ (net)
                      0.052929    0.000068   39.131577 v _33903_/A2 (sky130_fd_sc_hd__a221o_1)
     1    0.003917    0.057859    0.348631   39.480206 v _33903_/X (sky130_fd_sc_hd__a221o_1)
                                                         _08114_ (net)
                      0.057859    0.000135   39.480343 v _33915_/A3 (sky130_fd_sc_hd__a31o_1)
     1    0.004554    0.044470    0.224247   39.704590 v _33915_/X (sky130_fd_sc_hd__a31o_1)
                                                         _08127_ (net)
                      0.044470    0.000174   39.704762 v _33923_/A2 (sky130_fd_sc_hd__a2111o_1)
     1    0.007723    0.085022    0.433538   40.138302 v _33923_/X (sky130_fd_sc_hd__a2111o_1)
                                                         _08136_ (net)
                      0.085022    0.000448   40.138748 v _33926_/A1 (sky130_fd_sc_hd__a21bo_1)
     1    0.005246    0.044917    0.189623   40.328373 v _33926_/X (sky130_fd_sc_hd__a21bo_1)
                                                         _08139_ (net)
                      0.044917    0.000142   40.328514 v _33927_/B2 (sky130_fd_sc_hd__a2bb2o_4)
     1    0.005159    0.035698    0.198021   40.526535 v _33927_/X (sky130_fd_sc_hd__a2bb2o_4)
                                                         _08140_ (net)
                      0.035698    0.000124   40.526657 v _33929_/B2 (sky130_fd_sc_hd__a22o_4)
     6    0.032112    0.073627    0.258982   40.785641 v _33929_/X (sky130_fd_sc_hd__a22o_4)
                                                         _08143_ (net)
                      0.073648    0.001208   40.786850 v fanout437/A (sky130_fd_sc_hd__buf_8)
     5    0.024329    0.033256    0.139234   40.926083 v fanout437/X (sky130_fd_sc_hd__buf_8)
                                                         net437 (net)
                      0.033287    0.000888   40.926971 v fanout436/A (sky130_fd_sc_hd__buf_8)
     5    0.022370    0.032028    0.120167   41.047138 v fanout436/X (sky130_fd_sc_hd__buf_8)
                                                         net436 (net)
                      0.032034    0.000430   41.047569 v _33960_/B (sky130_fd_sc_hd__or2_4)
     1    0.002949    0.043344    0.213372   41.260941 v _33960_/X (sky130_fd_sc_hd__or2_4)
                                                         _08167_ (net)
                      0.043344    0.000068   41.261009 v _33961_/A2 (sky130_fd_sc_hd__a32o_1)
     1    0.003022    0.042479    0.238796   41.499805 v _33961_/X (sky130_fd_sc_hd__a32o_1)
                                                         _00009_ (net)
                      0.042479    0.000099   41.499905 v _34017_/D (sky130_fd_sc_hd__dfxtp_2)
                                             41.499905   data arrival time

                                 10.000000   10.000000   clock clk (rise edge)
                                  0.000000   10.000000   clock source latency
     1    0.016678    0.080916    0.055584   10.055584 ^ clk (in)
                                                         clk (net)
                      0.080928    0.000000   10.055584 ^ clkbuf_0_clk/A (sky130_fd_sc_hd__clkbuf_16)
     2    0.017991    0.040160    0.136622   10.192206 ^ clkbuf_0_clk/X (sky130_fd_sc_hd__clkbuf_16)
                                                         clknet_0_clk (net)
                      0.040169    0.000331   10.192537 ^ clkbuf_1_1__f_clk/A (sky130_fd_sc_hd__clkbuf_16)
    10    0.036941    0.056957    0.137566   10.330104 ^ clkbuf_1_1__f_clk/X (sky130_fd_sc_hd__clkbuf_16)
                                                         clknet_1_1__leaf_clk (net)
                      0.057019    0.001466   10.331571 ^ _34017_/CLK (sky130_fd_sc_hd__dfxtp_2)
                                 -0.250000   10.081571   clock uncertainty
                                  0.000000   10.081571   clock reconvergence pessimism
                                 -0.108977    9.972593   library setup time
                                              9.972593   data required time
---------------------------------------------------------------------------------------------
                                              9.972593   data required time
                                            -41.499905   data arrival time
---------------------------------------------------------------------------------------------
                                            -31.527308   slack (VIOLATED)




===========================================================================
report_checks --slack_max -0.01
============================================================================
======================= nom_tt_025C_1v80 Corner ===================================

Startpoint: pixel_flat[19] (input port clocked by clk)
Endpoint: _34017_ (rising edge-triggered flip-flop clocked by clk)
Path Group: clk
Path Type: max

Fanout         Cap        Slew       Delay        Time   Description
---------------------------------------------------------------------------------------------
                                  0.000000    0.000000   clock clk (rise edge)
                                  0.000000    0.000000   clock network delay (propagated)
                                  2.000000    2.000000 v input external delay
     1    0.010502    0.025637    0.017092    2.017092 v pixel_flat[19] (in)
                                                         pixel_flat[19] (net)
                      0.025642    0.000000    2.017092 v input395/A (sky130_fd_sc_hd__buf_12)
     2    0.051873    0.042140    0.131560    2.148652 v input395/X (sky130_fd_sc_hd__buf_12)
                                                         net395 (net)
                      0.043867    0.006291    2.154943 v fanout752/A (sky130_fd_sc_hd__buf_12)
     4    0.064694    0.047707    0.146419    2.301362 v fanout752/X (sky130_fd_sc_hd__buf_12)
                                                         net752 (net)
                      0.047789    0.001270    2.302632 v max_cap753/A (sky130_fd_sc_hd__buf_12)
     9    0.157907    0.076389    0.154664    2.457296 v max_cap753/X (sky130_fd_sc_hd__buf_12)
                                                         net753 (net)
                      0.146732    0.060059    2.517355 v _17007_/A (sky130_fd_sc_hd__inv_6)
     1    0.028130    0.074377    0.116409    2.633764 ^ _17007_/Y (sky130_fd_sc_hd__inv_6)
                                                         _11053_ (net)
                      0.074749    0.004014    2.637778 ^ fanout717/A (sky130_fd_sc_hd__buf_12)
    10    0.152849    0.179704    0.202059    2.839836 ^ fanout717/X (sky130_fd_sc_hd__buf_12)
                                                         net717 (net)
                      0.179730    0.001915    2.841752 ^ fanout714/A (sky130_fd_sc_hd__buf_12)
     5    0.028982    0.048938    0.141244    2.982996 ^ fanout714/X (sky130_fd_sc_hd__buf_12)
                                                         net714 (net)
                      0.048943    0.000368    2.983364 ^ _18065_/A (sky130_fd_sc_hd__and2_1)
     3    0.010840    0.117288    0.166437    3.149801 ^ _18065_/X (sky130_fd_sc_hd__and2_1)
                                                         _05710_ (net)
                      0.117288    0.000254    3.150055 ^ _18092_/A1 (sky130_fd_sc_hd__o221ai_2)
     2    0.006825    0.084933    0.128642    3.278697 v _18092_/Y (sky130_fd_sc_hd__o221ai_2)
                                                         _06007_ (net)
                      0.084933    0.000132    3.278828 v _18093_/A1 (sky130_fd_sc_hd__a21o_1)
     3    0.017296    0.092161    0.225183    3.504011 v _18093_/X (sky130_fd_sc_hd__a21o_1)
                                                         _06018_ (net)
                      0.092162    0.000458    3.504469 v _18095_/A1 (sky130_fd_sc_hd__a31o_4)
     4    0.014489    0.049102    0.250717    3.755186 v _18095_/X (sky130_fd_sc_hd__a31o_4)
                                                         _06040_ (net)
                      0.049106    0.000485    3.755670 v _18097_/A1 (sky130_fd_sc_hd__a211o_4)
     7    0.025304    0.079849    0.361179    4.116849 v _18097_/X (sky130_fd_sc_hd__a211o_4)
                                                         _06062_ (net)
                      0.079850    0.000461    4.117309 v _18099_/A1 (sky130_fd_sc_hd__a21o_4)
     5    0.023262    0.056149    0.239639    4.356948 v _18099_/X (sky130_fd_sc_hd__a21o_4)
                                                         _06084_ (net)
                      0.056158    0.000705    4.357653 v _18105_/S (sky130_fd_sc_hd__mux2_4)
     1    0.017618    0.071327    0.332610    4.690263 v _18105_/X (sky130_fd_sc_hd__mux2_4)
                                                         _06150_ (net)
                      0.071327    0.000666    4.690928 v _18106_/A (sky130_fd_sc_hd__xor2_4)
     5    0.023283    0.212063    0.245231    4.936160 ^ _18106_/X (sky130_fd_sc_hd__xor2_4)
                                                         _06161_ (net)
                      0.212065    0.000993    4.937153 ^ fanout600/A (sky130_fd_sc_hd__buf_6)
     5    0.014286    0.042905    0.141716    5.078869 ^ fanout600/X (sky130_fd_sc_hd__buf_6)
                                                         net600 (net)
                      0.042910    0.000469    5.079339 ^ _18463_/D_N (sky130_fd_sc_hd__or4b_4)
     3    0.008567    0.091979    0.463789    5.543128 v _18463_/X (sky130_fd_sc_hd__or4b_4)
                                                         _08375_ (net)
                      0.091979    0.000214    5.543341 v _18565_/A2 (sky130_fd_sc_hd__a21o_1)
     2    0.006227    0.047573    0.206430    5.749771 v _18565_/X (sky130_fd_sc_hd__a21o_1)
                                                         _08477_ (net)
                      0.047573    0.000146    5.749917 v _18567_/A1 (sky130_fd_sc_hd__a21o_1)
     3    0.008656    0.058135    0.178295    5.928211 v _18567_/X (sky130_fd_sc_hd__a21o_1)
                                                         _08479_ (net)
                      0.058135    0.000138    5.928349 v _18651_/A1 (sky130_fd_sc_hd__a21o_1)
     2    0.006136    0.047159    0.171161    6.099510 v _18651_/X (sky130_fd_sc_hd__a21o_1)
                                                         _08563_ (net)
                      0.047159    0.000165    6.099676 v _18653_/A1 (sky130_fd_sc_hd__a21o_1)
     3    0.008699    0.058229    0.178321    6.277997 v _18653_/X (sky130_fd_sc_hd__a21o_1)
                                                         _08565_ (net)
                      0.058229    0.000131    6.278129 v _18656_/A1 (sky130_fd_sc_hd__a21o_1)
     3    0.009582    0.060834    0.186699    6.464828 v _18656_/X (sky130_fd_sc_hd__a21o_1)
                                                         _08568_ (net)
                      0.060834    0.000295    6.465122 v _18735_/A1 (sky130_fd_sc_hd__a21o_1)
     2    0.007882    0.055171    0.180141    6.645264 v _18735_/X (sky130_fd_sc_hd__a21o_1)
                                                         _08647_ (net)
                      0.055171    0.000242    6.645505 v _18737_/A1 (sky130_fd_sc_hd__a211o_1)
     3    0.012228    0.089405    0.304208    6.949713 v _18737_/X (sky130_fd_sc_hd__a211o_1)
                                                         _08649_ (net)
                      0.089409    0.000675    6.950388 v _18767_/B (sky130_fd_sc_hd__and3_1)
     2    0.007839    0.059099    0.203437    7.153825 v _18767_/X (sky130_fd_sc_hd__and3_1)
                                                         _08679_ (net)
                      0.059099    0.000241    7.154067 v _18829_/B1 (sky130_fd_sc_hd__a211o_1)
     3    0.010248    0.081220    0.309949    7.464015 v _18829_/X (sky130_fd_sc_hd__a211o_1)
                                                         _08741_ (net)
                      0.081220    0.000207    7.464222 v _18892_/A1 (sky130_fd_sc_hd__a21o_1)
     2    0.014862    0.082096    0.214994    7.679216 v _18892_/X (sky130_fd_sc_hd__a21o_1)
                                                         _08804_ (net)
                      0.082096    0.000270    7.679487 v _18895_/A1 (sky130_fd_sc_hd__a211o_4)
     5    0.016185    0.067729    0.358028    8.037515 v _18895_/X (sky130_fd_sc_hd__a211o_4)
                                                         _08807_ (net)
                      0.067729    0.000560    8.038075 v _18896_/B (sky130_fd_sc_hd__and3_1)
     2    0.007231    0.056231    0.190661    8.228736 v _18896_/X (sky130_fd_sc_hd__and3_1)
                                                         _08808_ (net)
                      0.056231    0.000267    8.229004 v _18948_/B (sky130_fd_sc_hd__or3_4)
     3    0.008366    0.072116    0.375276    8.604280 v _18948_/X (sky130_fd_sc_hd__or3_4)
                                                         _08860_ (net)
                      0.072116    0.000123    8.604403 v _19008_/A1 (sky130_fd_sc_hd__a41o_1)
     3    0.011922    0.077697    0.225463    8.829866 v _19008_/X (sky130_fd_sc_hd__a41o_1)
                                                         _08920_ (net)
                      0.077699    0.000502    8.830368 v _19014_/A2 (sky130_fd_sc_hd__o41a_1)
     3    0.015632    0.123476    0.482504    9.312872 v _19014_/X (sky130_fd_sc_hd__o41a_1)
                                                         _08926_ (net)
                      0.123477    0.000511    9.313382 v _19016_/A1 (sky130_fd_sc_hd__a211o_1)
     3    0.007895    0.072342    0.310012    9.623394 v _19016_/X (sky130_fd_sc_hd__a211o_1)
                                                         _08928_ (net)
                      0.072342    0.000244    9.623638 v _24779_/A2 (sky130_fd_sc_hd__a21oi_1)
     1    0.003852    0.123115    0.161106    9.784744 ^ _24779_/Y (sky130_fd_sc_hd__a21oi_1)
                                                         _15059_ (net)
                      0.123115    0.000115    9.784860 ^ _24780_/B (sky130_fd_sc_hd__or2_1)
     3    0.011283    0.113899    0.168217    9.953077 ^ _24780_/X (sky130_fd_sc_hd__or2_1)
                                                         _15060_ (net)
                      0.113900    0.000546    9.953623 ^ _24782_/B (sky130_fd_sc_hd__nor2_1)
     1    0.005592    0.061177    0.066339   10.019962 v _24782_/Y (sky130_fd_sc_hd__nor2_1)
                                                         _15062_ (net)
                      0.061177    0.000205   10.020167 v _24857_/A1 (sky130_fd_sc_hd__o311a_4)
     2    0.014115    0.066441    0.396718   10.416885 v _24857_/X (sky130_fd_sc_hd__o311a_4)
                                                         _15144_ (net)
                      0.066441    0.000426   10.417312 v _24859_/A1 (sky130_fd_sc_hd__o31a_4)
     8    0.037356    0.093700    0.412853   10.830165 v _24859_/X (sky130_fd_sc_hd__o31a_4)
                                                         _15147_ (net)
                      0.093703    0.000639   10.830803 v _24863_/A (sky130_fd_sc_hd__nor2_8)
     4    0.026726    0.128899    0.167326   10.998129 ^ _24863_/Y (sky130_fd_sc_hd__nor2_8)
                                                         _15151_ (net)
                      0.128903    0.000822   10.998951 ^ fanout469/A (sky130_fd_sc_hd__buf_8)
     5    0.026956    0.055570    0.131312   11.130263 ^ fanout469/X (sky130_fd_sc_hd__buf_8)
                                                         net469 (net)
                      0.055596    0.001102   11.131366 ^ _24940_/S (sky130_fd_sc_hd__mux2_4)
     4    0.015598    0.068092    0.323828   11.455194 v _24940_/X (sky130_fd_sc_hd__mux2_4)
                                                         _15236_ (net)
                      0.068100    0.000743   11.455937 v _24950_/B2 (sky130_fd_sc_hd__a2bb2o_1)
     2    0.008845    0.077991    0.285424   11.741361 v _24950_/X (sky130_fd_sc_hd__a2bb2o_1)
                                                         _15247_ (net)
                      0.077991    0.000234   11.741594 v _24961_/A (sky130_fd_sc_hd__nor4b_2)
     1    0.005167    0.228247    0.302080   12.043674 ^ _24961_/Y (sky130_fd_sc_hd__nor4b_2)
                                                         _15259_ (net)
                      0.228247    0.000210   12.043884 ^ wire468/A (sky130_fd_sc_hd__buf_4)
     2    0.018918    0.064797    0.183922   12.227807 ^ wire468/X (sky130_fd_sc_hd__buf_4)
                                                         net468 (net)
                      0.064798    0.000361   12.228168 ^ _24962_/D (sky130_fd_sc_hd__nand4_4)
     2    0.012456    0.100142    0.117432   12.345600 v _24962_/Y (sky130_fd_sc_hd__nand4_4)
                                                         _15260_ (net)
                      0.100142    0.000256   12.345857 v _24972_/A2 (sky130_fd_sc_hd__a31oi_4)
     5    0.020155    0.216485    0.247207   12.593063 ^ _24972_/Y (sky130_fd_sc_hd__a31oi_4)
                                                         _15271_ (net)
                      0.216486    0.000750   12.593813 ^ _25054_/A1 (sky130_fd_sc_hd__o21ai_1)
     3    0.007815    0.102102    0.136732   12.730544 v _25054_/Y (sky130_fd_sc_hd__o21ai_1)
                                                         _15361_ (net)
                      0.102102    0.000265   12.730809 v _25060_/B (sky130_fd_sc_hd__and3_1)
     2    0.006769    0.054040    0.204038   12.934847 v _25060_/X (sky130_fd_sc_hd__and3_1)
                                                         _15368_ (net)
                      0.054040    0.000156   12.935002 v _25061_/C (sky130_fd_sc_hd__or4_4)
     2    0.006355    0.087597    0.482881   13.417884 v _25061_/X (sky130_fd_sc_hd__or4_4)
                                                         _15369_ (net)
                      0.087597    0.000217   13.418100 v _25074_/C (sky130_fd_sc_hd__or4b_4)
     1    0.006575    0.088328    0.497316   13.915417 v _25074_/X (sky130_fd_sc_hd__or4b_4)
                                                         _15383_ (net)
                      0.088328    0.000278   13.915695 v _25076_/A1 (sky130_fd_sc_hd__o21ai_2)
     1    0.005926    0.113998    0.160001   14.075696 ^ _25076_/Y (sky130_fd_sc_hd__o21ai_2)
                                                         _15385_ (net)
                      0.113998    0.000231   14.075927 ^ _25079_/A3 (sky130_fd_sc_hd__a31oi_1)
     1    0.005510    0.091080    0.112584   14.188510 v _25079_/Y (sky130_fd_sc_hd__a31oi_1)
                                                         _15389_ (net)
                      0.091080    0.000206   14.188716 v _25082_/A4 (sky130_fd_sc_hd__o41ai_2)
     2    0.007176    0.305145    0.271403   14.460120 ^ _25082_/Y (sky130_fd_sc_hd__o41ai_2)
                                                         _15392_ (net)
                      0.305145    0.000199   14.460319 ^ max_cap464/A (sky130_fd_sc_hd__clkbuf_2)
     1    0.011435    0.073533    0.197402   14.657721 ^ max_cap464/X (sky130_fd_sc_hd__clkbuf_2)
                                                         net464 (net)
                      0.073535    0.000495   14.658216 ^ _25084_/A2 (sky130_fd_sc_hd__a21oi_4)
     3    0.014735    0.060677    0.071063   14.729279 v _25084_/Y (sky130_fd_sc_hd__a21oi_4)
                                                         _15394_ (net)
                      0.060678    0.000387   14.729666 v _25088_/B (sky130_fd_sc_hd__nor2_4)
     3    0.015157    0.119658    0.122662   14.852327 ^ _25088_/Y (sky130_fd_sc_hd__nor2_4)
                                                         _15399_ (net)
                      0.119658    0.000344   14.852672 ^ fanout463/A (sky130_fd_sc_hd__buf_6)
     7    0.037582    0.083043    0.154478   15.007150 ^ fanout463/X (sky130_fd_sc_hd__buf_6)
                                                         net463 (net)
                      0.083065    0.001307   15.008457 ^ _25117_/S (sky130_fd_sc_hd__mux2_4)
     3    0.021324    0.075365    0.340334   15.348791 v _25117_/X (sky130_fd_sc_hd__mux2_4)
                                                         _15430_ (net)
                      0.075434    0.002158   15.350949 v _25123_/A1_N (sky130_fd_sc_hd__o2bb2a_4)
     2    0.005301    0.038636    0.201053   15.552003 ^ _25123_/X (sky130_fd_sc_hd__o2bb2a_4)
                                                         _15437_ (net)
                      0.038636    0.000112   15.552114 ^ _25182_/D_N (sky130_fd_sc_hd__or4b_4)
     1    0.004259    0.082843    0.445544   15.997659 v _25182_/X (sky130_fd_sc_hd__or4b_4)
                                                         _15502_ (net)
                      0.082843    0.000162   15.997821 v _25183_/A (sky130_fd_sc_hd__or4b_4)
     1    0.005195    0.085726    0.544064   16.541885 v _25183_/X (sky130_fd_sc_hd__or4b_4)
                                                         _15503_ (net)
                      0.085726    0.000183   16.542068 v _25184_/A1 (sky130_fd_sc_hd__o211ai_2)
     1    0.006675    0.149423    0.192362   16.734430 ^ _25184_/Y (sky130_fd_sc_hd__o211ai_2)
                                                         _15504_ (net)
                      0.149423    0.000217   16.734646 ^ _25191_/A2 (sky130_fd_sc_hd__a31o_4)
     4    0.022887    0.087250    0.210420   16.945066 ^ _25191_/X (sky130_fd_sc_hd__a31o_4)
                                                         _15512_ (net)
                      0.087250    0.000327   16.945393 ^ fanout461/A (sky130_fd_sc_hd__buf_8)
     6    0.030317    0.059895    0.124912   17.070305 ^ fanout461/X (sky130_fd_sc_hd__buf_8)
                                                         net461 (net)
                      0.059926    0.001249   17.071554 ^ fanout460/A (sky130_fd_sc_hd__buf_8)
     5    0.026117    0.053580    0.111589   17.183142 ^ fanout460/X (sky130_fd_sc_hd__buf_8)
                                                         net460 (net)
                      0.053587    0.000600   17.183743 ^ _25243_/S (sky130_fd_sc_hd__mux2_4)
     3    0.012592    0.063153    0.315728   17.499472 v _25243_/X (sky130_fd_sc_hd__mux2_4)
                                                         _15569_ (net)
                      0.063196    0.000611   17.500082 v _25247_/A1 (sky130_fd_sc_hd__a211o_1)
     1    0.004096    0.053909    0.264164   17.764246 v _25247_/X (sky130_fd_sc_hd__a211o_1)
                                                         _15573_ (net)
                      0.053909    0.000146   17.764391 v _25261_/A2 (sky130_fd_sc_hd__a311o_1)
     1    0.004457    0.061423    0.317735   18.082127 v _25261_/X (sky130_fd_sc_hd__a311o_1)
                                                         _15589_ (net)
                      0.061423    0.000171   18.082296 v _25264_/B2 (sky130_fd_sc_hd__a221o_1)
     1    0.004714    0.061517    0.331589   18.413885 v _25264_/X (sky130_fd_sc_hd__a221o_1)
                                                         _15592_ (net)
                      0.061517    0.000192   18.414078 v _25266_/A1 (sky130_fd_sc_hd__a31o_1)
     1    0.004299    0.043385    0.183411   18.597488 v _25266_/X (sky130_fd_sc_hd__a31o_1)
                                                         _15594_ (net)
                      0.043385    0.000167   18.597656 v _25293_/A1 (sky130_fd_sc_hd__a31o_1)
     1    0.010159    0.068192    0.203384   18.801039 v _25293_/X (sky130_fd_sc_hd__a31o_1)
                                                         _15624_ (net)
                      0.068192    0.000357   18.801397 v _25295_/A1 (sky130_fd_sc_hd__a21oi_4)
     5    0.020325    0.185426    0.195126   18.996523 ^ _25295_/Y (sky130_fd_sc_hd__a21oi_4)
                                                         _15626_ (net)
                      0.185426    0.000666   18.997189 ^ _25296_/A (sky130_fd_sc_hd__nor2_4)
     2    0.010703    0.049520    0.068225   19.065413 v _25296_/Y (sky130_fd_sc_hd__nor2_4)
                                                         _15627_ (net)
                      0.049521    0.000359   19.065771 v fanout459/A (sky130_fd_sc_hd__buf_6)
     5    0.024052    0.036105    0.130971   19.196743 v fanout459/X (sky130_fd_sc_hd__buf_6)
                                                         net459 (net)
                      0.036119    0.000636   19.197378 v _25374_/S (sky130_fd_sc_hd__mux2_4)
     3    0.015572    0.068097    0.320533   19.517912 v _25374_/X (sky130_fd_sc_hd__mux2_4)
                                                         _15713_ (net)
                      0.068103    0.000689   19.518600 v _25376_/B1 (sky130_fd_sc_hd__a2bb2o_4)
     2    0.008728    0.039856    0.228878   19.747478 v _25376_/X (sky130_fd_sc_hd__a2bb2o_4)
                                                         _15715_ (net)
                      0.039856    0.000217   19.747696 v _25379_/C1 (sky130_fd_sc_hd__a211o_1)
     2    0.006549    0.065210    0.242855   19.990551 v _25379_/X (sky130_fd_sc_hd__a211o_1)
                                                         _15719_ (net)
                      0.065210    0.000165   19.990715 v _25390_/C (sky130_fd_sc_hd__or4b_4)
     1    0.003920    0.081893    0.478400   20.469114 v _25390_/X (sky130_fd_sc_hd__or4b_4)
                                                         _15731_ (net)
                      0.081894    0.000137   20.469252 v _25391_/B1 (sky130_fd_sc_hd__a211o_1)
     1    0.003053    0.048581    0.275136   20.744389 v _25391_/X (sky130_fd_sc_hd__a211o_1)
                                                         _15732_ (net)
                      0.048581    0.000098   20.744486 v _25396_/A2 (sky130_fd_sc_hd__a32o_1)
     1    0.004999    0.050734    0.252321   20.996807 v _25396_/X (sky130_fd_sc_hd__a32o_1)
                                                         _15737_ (net)
                      0.050734    0.000174   20.996981 v _25398_/B2 (sky130_fd_sc_hd__a22oi_2)
     1    0.005895    0.151843    0.160000   21.156981 ^ _25398_/Y (sky130_fd_sc_hd__a22oi_2)
                                                         _15740_ (net)
                      0.151843    0.000160   21.157141 ^ fanout457/A (sky130_fd_sc_hd__buf_6)
     6    0.036228    0.080843    0.159273   21.316414 ^ fanout457/X (sky130_fd_sc_hd__buf_6)
                                                         net457 (net)
                      0.080908    0.000776   21.317190 ^ fanout456/A (sky130_fd_sc_hd__buf_8)
     7    0.031648    0.061779    0.125093   21.442284 ^ fanout456/X (sky130_fd_sc_hd__buf_8)
                                                         net456 (net)
                      0.061781    0.000492   21.442776 ^ fanout455/A (sky130_fd_sc_hd__buf_8)
     5    0.023957    0.050424    0.109722   21.552498 ^ fanout455/X (sky130_fd_sc_hd__buf_8)
                                                         net455 (net)
                      0.050438    0.000801   21.553299 ^ _25404_/S (sky130_fd_sc_hd__mux2_4)
     2    0.013318    0.064403    0.316296   21.869595 v _25404_/X (sky130_fd_sc_hd__mux2_4)
                                                         _15746_ (net)
                      0.064466    0.001094   21.870689 v _25405_/B1 (sky130_fd_sc_hd__a211o_1)
     1    0.002496    0.045264    0.264150   22.134838 v _25405_/X (sky130_fd_sc_hd__a211o_1)
                                                         _15747_ (net)
                      0.045264    0.000052   22.134890 v _25416_/A2 (sky130_fd_sc_hd__a221o_1)
     1    0.003173    0.054061    0.340119   22.475010 v _25416_/X (sky130_fd_sc_hd__a221o_1)
                                                         _15759_ (net)
                      0.054061    0.000101   22.475111 v _25431_/B1 (sky130_fd_sc_hd__a221o_1)
     1    0.004515    0.060527    0.301709   22.776819 v _25431_/X (sky130_fd_sc_hd__a221o_1)
                                                         _15776_ (net)
                      0.060527    0.000174   22.776993 v _25440_/B1 (sky130_fd_sc_hd__a221o_1)
     1    0.003403    0.055489    0.296708   23.073702 v _25440_/X (sky130_fd_sc_hd__a221o_1)
                                                         _15786_ (net)
                      0.055489    0.000115   23.073818 v _25462_/A2 (sky130_fd_sc_hd__a32o_1)
     1    0.003148    0.043082    0.244830   23.318647 v _25462_/X (sky130_fd_sc_hd__a32o_1)
                                                         _15810_ (net)
                      0.043082    0.000101   23.318748 v _25485_/A2 (sky130_fd_sc_hd__a21o_1)
     2    0.011933    0.070198    0.210971   23.529718 v _25485_/X (sky130_fd_sc_hd__a21o_1)
                                                         _15835_ (net)
                      0.070198    0.000320   23.530039 v _25487_/A1 (sky130_fd_sc_hd__a21oi_4)
     4    0.016912    0.164888    0.179378   23.709417 ^ _25487_/Y (sky130_fd_sc_hd__a21oi_4)
                                                         _15837_ (net)
                      0.164889    0.000552   23.709970 ^ _25489_/A (sky130_fd_sc_hd__nor2_4)
     3    0.014787    0.050622    0.071662   23.781631 v _25489_/Y (sky130_fd_sc_hd__nor2_4)
                                                         _15840_ (net)
                      0.050622    0.000298   23.781931 v fanout453/A (sky130_fd_sc_hd__buf_8)
     5    0.026620    0.034766    0.130628   23.912558 v fanout453/X (sky130_fd_sc_hd__buf_8)
                                                         net453 (net)
                      0.034798    0.000938   23.913496 v _25583_/S (sky130_fd_sc_hd__mux2_4)
     3    0.009645    0.058867    0.304672   24.218168 v _25583_/X (sky130_fd_sc_hd__mux2_4)
                                                         _15943_ (net)
                      0.058867    0.000293   24.218460 v _25700_/A1 (sky130_fd_sc_hd__o22a_1)
     1    0.002371    0.038706    0.205652   24.424112 v _25700_/X (sky130_fd_sc_hd__o22a_1)
                                                         _16072_ (net)
                      0.038706    0.000046   24.424160 v _25702_/B2 (sky130_fd_sc_hd__a221o_1)
     1    0.004245    0.059314    0.320229   24.744389 v _25702_/X (sky130_fd_sc_hd__a221o_1)
                                                         _16074_ (net)
                      0.059314    0.000163   24.744553 v _26044_/A3 (sky130_fd_sc_hd__a32o_1)
     1    0.004892    0.050355    0.267699   25.012251 v _26044_/X (sky130_fd_sc_hd__a32o_1)
                                                         _16450_ (net)
                      0.050355    0.000197   25.012447 v _26543_/A2 (sky130_fd_sc_hd__a221o_1)
     1    0.003078    0.053404    0.341254   25.353703 v _26543_/X (sky130_fd_sc_hd__a221o_1)
                                                         _16999_ (net)
                      0.053404    0.000073   25.353775 v _26560_/A2 (sky130_fd_sc_hd__a221o_1)
     3    0.015591    0.112388    0.413305   25.767080 v _26560_/X (sky130_fd_sc_hd__a221o_1)
                                                         _00037_ (net)
                      0.112389    0.000526   25.767605 v fanout451/A (sky130_fd_sc_hd__buf_6)
     5    0.025111    0.037084    0.160224   25.927830 v fanout451/X (sky130_fd_sc_hd__buf_6)
                                                         net451 (net)
                      0.037203    0.001670   25.929499 v _26561_/S (sky130_fd_sc_hd__mux2_4)
     3    0.009697    0.058964    0.305757   26.235256 v _26561_/X (sky130_fd_sc_hd__mux2_4)
                                                         _00038_ (net)
                      0.058964    0.000298   26.235556 v _26565_/A1 (sky130_fd_sc_hd__a211o_1)
     1    0.004672    0.056321    0.265866   26.501421 v _26565_/X (sky130_fd_sc_hd__a211o_1)
                                                         _00042_ (net)
                      0.056321    0.000192   26.501612 v _26741_/A2 (sky130_fd_sc_hd__a21o_1)
     1    0.004462    0.040114    0.184100   26.685713 v _26741_/X (sky130_fd_sc_hd__a21o_1)
                                                         _00236_ (net)
                      0.040114    0.000176   26.685888 v _26884_/A1 (sky130_fd_sc_hd__a21o_1)
     1    0.003925    0.037979    0.153742   26.839630 v _26884_/X (sky130_fd_sc_hd__a21o_1)
                                                         _00393_ (net)
                      0.037979    0.000142   26.839771 v _27094_/B1 (sky130_fd_sc_hd__a221o_1)
     1    0.004247    0.059252    0.295138   27.134911 v _27094_/X (sky130_fd_sc_hd__a221o_1)
                                                         _00624_ (net)
                      0.059252    0.000160   27.135071 v _27430_/A2 (sky130_fd_sc_hd__a21o_1)
     1    0.002926    0.033601    0.177176   27.312246 v _27430_/X (sky130_fd_sc_hd__a21o_1)
                                                         _00994_ (net)
                      0.033601    0.000064   27.312309 v _27585_/A1 (sky130_fd_sc_hd__a31o_1)
     1    0.003086    0.038121    0.165477   27.477787 v _27585_/X (sky130_fd_sc_hd__a31o_1)
                                                         _01164_ (net)
                      0.038121    0.000098   27.477884 v _27602_/A2 (sky130_fd_sc_hd__a221o_1)
     4    0.017432    0.121205    0.416076   27.893959 v _27602_/X (sky130_fd_sc_hd__a221o_1)
                                                         _01183_ (net)
                      0.121205    0.000400   27.894360 v fanout450/A (sky130_fd_sc_hd__buf_6)
     5    0.024513    0.036527    0.164269   28.058628 v fanout450/X (sky130_fd_sc_hd__buf_6)
                                                         net450 (net)
                      0.036555    0.000583   28.059212 v _28608_/S (sky130_fd_sc_hd__mux2_4)
     3    0.011865    0.061982    0.311198   28.370409 v _28608_/X (sky130_fd_sc_hd__mux2_4)
                                                         _02290_ (net)
                      0.061982    0.000167   28.370577 v _28620_/A2 (sky130_fd_sc_hd__o22a_1)
     1    0.002901    0.042268    0.196076   28.566652 v _28620_/X (sky130_fd_sc_hd__o22a_1)
                                                         _02303_ (net)
                      0.042268    0.000071   28.566723 v _28621_/C (sky130_fd_sc_hd__and3_1)
     1    0.002992    0.037627    0.173321   28.740044 v _28621_/X (sky130_fd_sc_hd__and3_1)
                                                         _02304_ (net)
                      0.037627    0.000099   28.740143 v _28622_/C_N (sky130_fd_sc_hd__or3b_4)
     3    0.012171    0.056055    0.239972   28.980116 ^ _28622_/X (sky130_fd_sc_hd__or3b_4)
                                                         _02305_ (net)
                      0.056057    0.000385   28.980501 ^ _28641_/A1_N (sky130_fd_sc_hd__a2bb2o_4)
     1    0.003400    0.032467    0.206265   29.186766 v _28641_/X (sky130_fd_sc_hd__a2bb2o_4)
                                                         _02326_ (net)
                      0.032467    0.000087   29.186853 v _28642_/B1 (sky130_fd_sc_hd__a311o_1)
     1    0.006155    0.069626    0.329061   29.515915 v _28642_/X (sky130_fd_sc_hd__a311o_1)
                                                         _02327_ (net)
                      0.069626    0.000254   29.516169 v _28657_/B1 (sky130_fd_sc_hd__a22o_4)
     3    0.015638    0.054854    0.243052   29.759220 v _28657_/X (sky130_fd_sc_hd__a22o_4)
                                                         _02343_ (net)
                      0.054862    0.000682   29.759903 v fanout447/A (sky130_fd_sc_hd__buf_8)
     5    0.025422    0.033995    0.131623   29.891525 v fanout447/X (sky130_fd_sc_hd__buf_8)
                                                         net447 (net)
                      0.034048    0.001151   29.892675 v _28659_/S (sky130_fd_sc_hd__mux2_4)
     2    0.019259    0.073085    0.326445   30.219120 v _28659_/X (sky130_fd_sc_hd__mux2_4)
                                                         _02346_ (net)
                      0.073085    0.002057   30.221178 v _28660_/B1 (sky130_fd_sc_hd__a211o_1)
     1    0.002791    0.047031    0.269754   30.490932 v _28660_/X (sky130_fd_sc_hd__a211o_1)
                                                         _02347_ (net)
                      0.047031    0.000060   30.490992 v _28842_/A2 (sky130_fd_sc_hd__a21o_1)
     1    0.005308    0.043621    0.184240   30.675232 v _28842_/X (sky130_fd_sc_hd__a21o_1)
                                                         _02547_ (net)
                      0.043622    0.000234   30.675467 v _28987_/A2 (sky130_fd_sc_hd__a21o_1)
     1    0.004432    0.039968    0.178765   30.854233 v _28987_/X (sky130_fd_sc_hd__a21o_1)
                                                         _02706_ (net)
                      0.039968    0.000139   30.854370 v _29193_/A2 (sky130_fd_sc_hd__a21o_1)
     1    0.005351    0.043809    0.181497   31.035868 v _29193_/X (sky130_fd_sc_hd__a21o_1)
                                                         _02933_ (net)
                      0.043810    0.000242   31.036110 v _29538_/B1 (sky130_fd_sc_hd__a32o_1)
     1    0.005394    0.052499    0.210921   31.247030 v _29538_/X (sky130_fd_sc_hd__a32o_1)
                                                         _03313_ (net)
                      0.052499    0.000238   31.247269 v _29685_/A2 (sky130_fd_sc_hd__a311o_1)
     1    0.004503    0.061337    0.317474   31.564743 v _29685_/X (sky130_fd_sc_hd__a311o_1)
                                                         _03474_ (net)
                      0.061337    0.000181   31.564924 v _29701_/B1 (sky130_fd_sc_hd__a221o_1)
     1    0.007600    0.077346    0.324079   31.889002 v _29701_/X (sky130_fd_sc_hd__a221o_1)
                                                         _03492_ (net)
                      0.077346    0.000203   31.889206 v fanout446/A (sky130_fd_sc_hd__buf_8)
     6    0.046728    0.049652    0.155282   32.044487 v fanout446/X (sky130_fd_sc_hd__buf_8)
                                                         net446 (net)
                      0.049690    0.001180   32.045666 v fanout444/A (sky130_fd_sc_hd__buf_8)
     5    0.023505    0.032769    0.128018   32.173683 v fanout444/X (sky130_fd_sc_hd__buf_8)
                                                         net444 (net)
                      0.032809    0.000981   32.174667 v _30663_/S (sky130_fd_sc_hd__mux2_4)
     3    0.008890    0.057812    0.301942   32.476608 v _30663_/X (sky130_fd_sc_hd__mux2_4)
                                                         _04550_ (net)
                      0.057812    0.000210   32.476818 v _30666_/A1 (sky130_fd_sc_hd__a211o_1)
     1    0.002766    0.046844    0.252651   32.729469 v _30666_/X (sky130_fd_sc_hd__a211o_1)
                                                         _04553_ (net)
                      0.046844    0.000060   32.729530 v _30677_/A2 (sky130_fd_sc_hd__a21o_1)
     1    0.004599    0.040663    0.180862   32.910389 v _30677_/X (sky130_fd_sc_hd__a21o_1)
                                                         _04565_ (net)
                      0.040664    0.000188   32.910580 v _30688_/A1 (sky130_fd_sc_hd__a21o_1)
     1    0.003876    0.037767    0.153747   33.064327 v _30688_/X (sky130_fd_sc_hd__a21o_1)
                                                         _04578_ (net)
                      0.037767    0.000131   33.064457 v _30699_/B1 (sky130_fd_sc_hd__a221o_1)
     1    0.003643    0.056529    0.291148   33.355606 v _30699_/X (sky130_fd_sc_hd__a221o_1)
                                                         _04590_ (net)
                      0.056529    0.000128   33.355732 v _30722_/B1 (sky130_fd_sc_hd__a221o_1)
     1    0.006962    0.073619    0.318305   33.674038 v _30722_/X (sky130_fd_sc_hd__a221o_1)
                                                         _04615_ (net)
                      0.073619    0.000266   33.674305 v _30725_/A2_N (sky130_fd_sc_hd__o2bb2a_4)
     1    0.012474    0.056971    0.216719   33.891026 ^ _30725_/X (sky130_fd_sc_hd__o2bb2a_4)
                                                         _04618_ (net)
                      0.056979    0.000707   33.891731 ^ _30741_/A2 (sky130_fd_sc_hd__o31ai_4)
     2    0.006641    0.058888    0.068795   33.960526 v _30741_/Y (sky130_fd_sc_hd__o31ai_4)
                                                         _04636_ (net)
                      0.058888    0.000135   33.960663 v fanout443/A (sky130_fd_sc_hd__buf_6)
     5    0.028975    0.039872    0.138339   34.098999 v fanout443/X (sky130_fd_sc_hd__buf_6)
                                                         net443 (net)
                      0.039983    0.001798   34.100800 v _30758_/S (sky130_fd_sc_hd__mux2_4)
     3    0.013564    0.064935    0.316717   34.417515 v _30758_/X (sky130_fd_sc_hd__mux2_4)
                                                         _04655_ (net)
                      0.064952    0.001016   34.418530 v _30761_/A1 (sky130_fd_sc_hd__a211o_1)
     1    0.002474    0.045232    0.253163   34.671696 v _30761_/X (sky130_fd_sc_hd__a211o_1)
                                                         _04658_ (net)
                      0.045232    0.000050   34.671745 v _30939_/A3 (sky130_fd_sc_hd__a311o_1)
     1    0.003735    0.057990    0.347832   35.019577 v _30939_/X (sky130_fd_sc_hd__a311o_1)
                                                         _04854_ (net)
                      0.057990    0.000103   35.019680 v _31290_/A3 (sky130_fd_sc_hd__a311o_1)
     1    0.005579    0.067114    0.365020   35.384697 v _31290_/X (sky130_fd_sc_hd__a311o_1)
                                                         _05240_ (net)
                      0.067114    0.000259   35.384956 v _31630_/A2 (sky130_fd_sc_hd__a311o_1)
     1    0.005166    0.064950    0.327692   35.712650 v _31630_/X (sky130_fd_sc_hd__a311o_1)
                                                         _05614_ (net)
                      0.064995    0.000217   35.712868 v _31779_/B1 (sky130_fd_sc_hd__a32o_1)
     1    0.003122    0.043062    0.206150   35.919018 v _31779_/X (sky130_fd_sc_hd__a32o_1)
                                                         _05778_ (net)
                      0.043062    0.000103   35.919121 v _31793_/B1 (sky130_fd_sc_hd__a221o_1)
     3    0.010982    0.091407    0.336744   36.255863 v _31793_/X (sky130_fd_sc_hd__a221o_1)
                                                         _05793_ (net)
                      0.091407    0.000298   36.256161 v fanout440/A (sky130_fd_sc_hd__buf_6)
     5    0.027164    0.038441    0.152166   36.408329 v fanout440/X (sky130_fd_sc_hd__buf_6)
                                                         net440 (net)
                      0.038485    0.001151   36.409477 v _32820_/S (sky130_fd_sc_hd__mux2_4)
     3    0.007279    0.055735    0.299934   36.709412 v _32820_/X (sky130_fd_sc_hd__mux2_4)
                                                         _06923_ (net)
                      0.055735    0.000181   36.709595 v _32829_/A1 (sky130_fd_sc_hd__a22o_1)
     2    0.004505    0.047944    0.215461   36.925056 v _32829_/X (sky130_fd_sc_hd__a22o_1)
                                                         _06933_ (net)
                      0.047944    0.000071   36.925129 v _32836_/A (sky130_fd_sc_hd__or3_4)
     1    0.003548    0.062859    0.374385   37.299511 v _32836_/X (sky130_fd_sc_hd__or3_4)
                                                         _06940_ (net)
                      0.062859    0.000124   37.299637 v _32837_/B1 (sky130_fd_sc_hd__a211o_1)
     3    0.010427    0.081913    0.312056   37.611694 v _32837_/X (sky130_fd_sc_hd__a211o_1)
                                                         _06941_ (net)
                      0.081913    0.000366   37.612057 v _32853_/C (sky130_fd_sc_hd__nor4_2)
     1    0.004284    0.213414    0.232550   37.844608 ^ _32853_/Y (sky130_fd_sc_hd__nor4_2)
                                                         _06959_ (net)
                      0.213414    0.000160   37.844769 ^ _32856_/B2 (sky130_fd_sc_hd__a221o_1)
     1    0.006646    0.080451    0.200107   38.044876 ^ _32856_/X (sky130_fd_sc_hd__a221o_1)
                                                         _06962_ (net)
                      0.080451    0.000263   38.045139 ^ _32872_/B1 (sky130_fd_sc_hd__a2bb2o_4)
     3    0.016327    0.063690    0.150926   38.196064 ^ _32872_/X (sky130_fd_sc_hd__a2bb2o_4)
                                                         _06980_ (net)
                      0.063691    0.000426   38.196491 ^ fanout439/A (sky130_fd_sc_hd__buf_6)
     5    0.025180    0.059921    0.119027   38.315517 ^ fanout439/X (sky130_fd_sc_hd__buf_6)
                                                         net439 (net)
                      0.059936    0.000931   38.316448 ^ _32873_/S (sky130_fd_sc_hd__mux2_4)
     2    0.010270    0.059739    0.311484   38.627934 v _32873_/X (sky130_fd_sc_hd__mux2_4)
                                                         _06981_ (net)
                      0.059739    0.000487   38.628418 v _33883_/B2 (sky130_fd_sc_hd__a2bb2o_4)
     1    0.003543    0.032654    0.199453   38.827873 v _33883_/X (sky130_fd_sc_hd__a2bb2o_4)
                                                         _08092_ (net)
                      0.032654    0.000121   38.827991 v _33890_/A1 (sky130_fd_sc_hd__a221o_1)
     1    0.003006    0.052929    0.303515   39.131508 v _33890_/X (sky130_fd_sc_hd__a221o_1)
                                                         _08100_ (net)
                      0.052929    0.000068   39.131577 v _33903_/A2 (sky130_fd_sc_hd__a221o_1)
     1    0.003917    0.057859    0.348631   39.480206 v _33903_/X (sky130_fd_sc_hd__a221o_1)
                                                         _08114_ (net)
                      0.057859    0.000135   39.480343 v _33915_/A3 (sky130_fd_sc_hd__a31o_1)
     1    0.004554    0.044470    0.224247   39.704590 v _33915_/X (sky130_fd_sc_hd__a31o_1)
                                                         _08127_ (net)
                      0.044470    0.000174   39.704762 v _33923_/A2 (sky130_fd_sc_hd__a2111o_1)
     1    0.007723    0.085022    0.433538   40.138302 v _33923_/X (sky130_fd_sc_hd__a2111o_1)
                                                         _08136_ (net)
                      0.085022    0.000448   40.138748 v _33926_/A1 (sky130_fd_sc_hd__a21bo_1)
     1    0.005246    0.044917    0.189623   40.328373 v _33926_/X (sky130_fd_sc_hd__a21bo_1)
                                                         _08139_ (net)
                      0.044917    0.000142   40.328514 v _33927_/B2 (sky130_fd_sc_hd__a2bb2o_4)
     1    0.005159    0.035698    0.198021   40.526535 v _33927_/X (sky130_fd_sc_hd__a2bb2o_4)
                                                         _08140_ (net)
                      0.035698    0.000124   40.526657 v _33929_/B2 (sky130_fd_sc_hd__a22o_4)
     6    0.032112    0.073627    0.258982   40.785641 v _33929_/X (sky130_fd_sc_hd__a22o_4)
                                                         _08143_ (net)
                      0.073648    0.001208   40.786850 v fanout437/A (sky130_fd_sc_hd__buf_8)
     5    0.024329    0.033256    0.139234   40.926083 v fanout437/X (sky130_fd_sc_hd__buf_8)
                                                         net437 (net)
                      0.033287    0.000888   40.926971 v fanout436/A (sky130_fd_sc_hd__buf_8)
     5    0.022370    0.032028    0.120167   41.047138 v fanout436/X (sky130_fd_sc_hd__buf_8)
                                                         net436 (net)
                      0.032034    0.000430   41.047569 v _33960_/B (sky130_fd_sc_hd__or2_4)
     1    0.002949    0.043344    0.213372   41.260941 v _33960_/X (sky130_fd_sc_hd__or2_4)
                                                         _08167_ (net)
                      0.043344    0.000068   41.261009 v _33961_/A2 (sky130_fd_sc_hd__a32o_1)
     1    0.003022    0.042479    0.238796   41.499805 v _33961_/X (sky130_fd_sc_hd__a32o_1)
                                                         _00009_ (net)
                      0.042479    0.000099   41.499905 v _34017_/D (sky130_fd_sc_hd__dfxtp_2)
                                             41.499905   data arrival time

                                 10.000000   10.000000   clock clk (rise edge)
                                  0.000000   10.000000   clock source latency
     1    0.016678    0.080916    0.055584   10.055584 ^ clk (in)
                                                         clk (net)
                      0.080928    0.000000   10.055584 ^ clkbuf_0_clk/A (sky130_fd_sc_hd__clkbuf_16)
     2    0.017991    0.040160    0.136622   10.192206 ^ clkbuf_0_clk/X (sky130_fd_sc_hd__clkbuf_16)
                                                         clknet_0_clk (net)
                      0.040169    0.000331   10.192537 ^ clkbuf_1_1__f_clk/A (sky130_fd_sc_hd__clkbuf_16)
    10    0.036941    0.056957    0.137566   10.330104 ^ clkbuf_1_1__f_clk/X (sky130_fd_sc_hd__clkbuf_16)
                                                         clknet_1_1__leaf_clk (net)
                      0.057019    0.001466   10.331571 ^ _34017_/CLK (sky130_fd_sc_hd__dfxtp_2)
                                 -0.250000   10.081571   clock uncertainty
                                  0.000000   10.081571   clock reconvergence pessimism
                                 -0.108977    9.972593   library setup time
                                              9.972593   data required time
---------------------------------------------------------------------------------------------
                                              9.972593   data required time
                                            -41.499905   data arrival time
---------------------------------------------------------------------------------------------
                                            -31.527308   slack (VIOLATED)




===========================================================================
 report_check_types -max_slew -max_cap -max_fanout -violators
============================================================================
======================= nom_tt_025C_1v80 Corner ===================================

max fanout

Pin                                   Limit Fanout  Slack
---------------------------------------------------------
fanout662/X                              10     16     -6 (VIOLATED)
clkbuf_1_0__f_clk/X                      10     14     -4 (VIOLATED)
fanout724/X                              10     14     -4 (VIOLATED)
fanout680/X                              10     13     -3 (VIOLATED)
fanout689/X                              10     13     -3 (VIOLATED)
fanout710/X                              10     13     -3 (VIOLATED)
fanout721/X                              10     13     -3 (VIOLATED)
fanout749/X                              10     13     -3 (VIOLATED)
fanout665/X                              10     12     -2 (VIOLATED)
fanout669/X                              10     12     -2 (VIOLATED)
fanout672/X                              10     12     -2 (VIOLATED)
fanout678/X                              10     12     -2 (VIOLATED)
fanout691/X                              10     12     -2 (VIOLATED)
fanout694/X                              10     12     -2 (VIOLATED)
fanout700/X                              10     12     -2 (VIOLATED)
fanout715/X                              10     12     -2 (VIOLATED)
fanout722/X                              10     12     -2 (VIOLATED)
fanout736/X                              10     12     -2 (VIOLATED)
fanout743/X                              10     12     -2 (VIOLATED)
fanout745/X                              10     12     -2 (VIOLATED)
fanout770/X                              10     12     -2 (VIOLATED)
_18287_/X                                10     11        (VIOLATED)
fanout698/X                              10     11        (VIOLATED)
fanout707/X                              10     11        (VIOLATED)
fanout713/X                              10     11        (VIOLATED)
fanout719/X                              10     11        (VIOLATED)
fanout738/X                              10     11        (VIOLATED)



===========================================================================
report_parasitic_annotation -report_unannotated
============================================================================
Found 3 unannotated drivers.
 clkload0/Y
 kmeans_dist_core_775/HI
 kmeans_dist_core_776/HI
Found 0 partially unannotated drivers.

===========================================================================
max slew violation count 0
Writing metric design__max_slew_violation__count__corner:nom_tt_025C_1v80: 0
max fanout violation count 27
Writing metric design__max_fanout_violation__count__corner:nom_tt_025C_1v80: 27
max cap violation count 0
Writing metric design__max_cap_violation__count__corner:nom_tt_025C_1v80: 0
============================================================================

===========================================================================
check_setup -verbose -unconstrained_endpoints -multiple_clock -no_clock -no_input_delay -loops -generated_clocks
===========================================================================
Warning: There are 2 unconstrained endpoints.
  min_dist[18]
  min_dist[19]
