Clock: clk
Sources: clk 
Generated: no
Virtual: yes
Propagated: no
Period: 10.000000

===========================================================================
report_clock_properties
============================================================================
Clock                   Period          Waveform
----------------------------------------------------
clk                  10.000000    0.000000  5.000000

===========================================================================
report_clock_latency
============================================================================
Clock clk
rise -> rise
    min     max
0.000000 0.000000 source latency
0.331094         network latency _34012_/CLK
        0.334698 network latency _34024_/CLK
---------------
0.331094 0.334698 latency
        0.003604 skew

fall -> fall
    min     max
0.000000 0.000000 source latency
0.317914         network latency _34012_/CLK
        0.321093 network latency _34024_/CLK
---------------
0.317914 0.321093 latency
        0.003179 skew



===========================================================================
report_clock_min_period
============================================================================
clk period_min = 1.49 fmax = 669.68
