
===========================================================================
Violator List
============================================================================
[setup in-reg] pixel_flat[19] -> _34017_/D : -31.527308
[setup in-reg] pixel_flat[19] -> _34019_/D : -31.526533
[setup in-reg] pixel_flat[19] -> _34021_/D : -31.522547
[setup in-reg] pixel_flat[19] -> _34024_/D : -31.508831
[setup in-reg] pixel_flat[19] -> _34022_/D : -31.422083
[setup in-reg] pixel_flat[19] -> _34020_/D : -31.396498
[setup in-reg] pixel_flat[19] -> _34016_/D : -31.378765
[setup in-reg] pixel_flat[19] -> _34013_/D : -31.376272
[setup in-reg] pixel_flat[19] -> _34018_/D : -31.372147
[setup in-reg] pixel_flat[19] -> _34009_/D : -31.355904
[setup in-reg] pixel_flat[19] -> _34027_/D : -31.334677
[setup in-reg] pixel_flat[19] -> _34029_/D : -31.332520
[setup in-reg] pixel_flat[19] -> _34014_/D : -31.324234
[setup in-reg] pixel_flat[19] -> _34010_/D : -31.313108
[setup in-reg] pixel_flat[19] -> _34008_/D : -31.312517
[setup in-reg] pixel_flat[19] -> _34023_/D : -31.312084
[setup in-reg] pixel_flat[19] -> _34015_/D : -31.295380
[setup in-reg] pixel_flat[19] -> _34012_/D : -31.280462
[setup in-reg] pixel_flat[19] -> _34030_/D : -31.257935
[setup in-reg] pixel_flat[19] -> _34028_/D : -31.218077
[setup in-reg] pixel_flat[19] -> _34011_/D : -31.178377
[setup in-reg] pixel_flat[0] -> _34025_/D : -4.137332
Writing metric timing__hold_vio__count__corner:nom_tt_025C_1v80: 0
Writing metric timing__hold_r2r__ws__corner:nom_tt_025C_1v80: 0.331310
Writing metric timing__hold_r2r_vio__count__corner:nom_tt_025C_1v80: 0
Writing metric timing__setup_vio__count__corner:nom_tt_025C_1v80: 22
Writing metric timing__setup_r2r__ws__corner:nom_tt_025C_1v80: 1e30
Writing metric timing__setup_r2r_vio__count__corner:nom_tt_025C_1v80: 0
